Archive member included to satisfy reference by file (symbol)

c:/program files (x86)/gnu tools arm embedded/8 2018-q4-major/bin/../lib/gcc/arm-none-eabi/8.2.1/../../../../arm-none-eabi/lib/thumb/v7e-m/nofp\libg_nano.a(lib_a-errno.o)
                              ./system/src/newlib/_sbrk.o (__errno)
c:/program files (x86)/gnu tools arm embedded/8 2018-q4-major/bin/../lib/gcc/arm-none-eabi/8.2.1/../../../../arm-none-eabi/lib/thumb/v7e-m/nofp\libg_nano.a(lib_a-impure.o)
                              c:/program files (x86)/gnu tools arm embedded/8 2018-q4-major/bin/../lib/gcc/arm-none-eabi/8.2.1/../../../../arm-none-eabi/lib/thumb/v7e-m/nofp\libg_nano.a(lib_a-errno.o) (_impure_ptr)
c:/program files (x86)/gnu tools arm embedded/8 2018-q4-major/bin/../lib/gcc/arm-none-eabi/8.2.1/../../../../arm-none-eabi/lib/thumb/v7e-m/nofp\libg_nano.a(lib_a-strlen.o)
                              ./system/src/diag/Trace.o (strlen)
c:/program files (x86)/gnu tools arm embedded/8 2018-q4-major/bin/../lib/gcc/arm-none-eabi/8.2.1/../../../../arm-none-eabi/lib/thumb/v7e-m/nofp\libg_nano.a(lib_a-vsnprintf.o)
                              ./system/src/diag/Trace.o (vsnprintf)
c:/program files (x86)/gnu tools arm embedded/8 2018-q4-major/bin/../lib/gcc/arm-none-eabi/8.2.1/../../../../arm-none-eabi/lib/thumb/v7e-m/nofp\libg_nano.a(lib_a-nano-svfprintf.o)
                              c:/program files (x86)/gnu tools arm embedded/8 2018-q4-major/bin/../lib/gcc/arm-none-eabi/8.2.1/../../../../arm-none-eabi/lib/thumb/v7e-m/nofp\libg_nano.a(lib_a-vsnprintf.o) (_svfprintf_r)
c:/program files (x86)/gnu tools arm embedded/8 2018-q4-major/bin/../lib/gcc/arm-none-eabi/8.2.1/../../../../arm-none-eabi/lib/thumb/v7e-m/nofp\libg_nano.a(lib_a-nano-vfprintf_i.o)
                              c:/program files (x86)/gnu tools arm embedded/8 2018-q4-major/bin/../lib/gcc/arm-none-eabi/8.2.1/../../../../arm-none-eabi/lib/thumb/v7e-m/nofp\libg_nano.a(lib_a-nano-svfprintf.o) (_printf_i)
c:/program files (x86)/gnu tools arm embedded/8 2018-q4-major/bin/../lib/gcc/arm-none-eabi/8.2.1/../../../../arm-none-eabi/lib/thumb/v7e-m/nofp\libg_nano.a(lib_a-memchr.o)
                              c:/program files (x86)/gnu tools arm embedded/8 2018-q4-major/bin/../lib/gcc/arm-none-eabi/8.2.1/../../../../arm-none-eabi/lib/thumb/v7e-m/nofp\libg_nano.a(lib_a-nano-svfprintf.o) (memchr)
c:/program files (x86)/gnu tools arm embedded/8 2018-q4-major/bin/../lib/gcc/arm-none-eabi/8.2.1/../../../../arm-none-eabi/lib/thumb/v7e-m/nofp\libg_nano.a(lib_a-memcpy-stub.o)
                              c:/program files (x86)/gnu tools arm embedded/8 2018-q4-major/bin/../lib/gcc/arm-none-eabi/8.2.1/../../../../arm-none-eabi/lib/thumb/v7e-m/nofp\libg_nano.a(lib_a-nano-svfprintf.o) (memcpy)
c:/program files (x86)/gnu tools arm embedded/8 2018-q4-major/bin/../lib/gcc/arm-none-eabi/8.2.1/../../../../arm-none-eabi/lib/thumb/v7e-m/nofp\libg_nano.a(lib_a-memmove.o)
                              c:/program files (x86)/gnu tools arm embedded/8 2018-q4-major/bin/../lib/gcc/arm-none-eabi/8.2.1/../../../../arm-none-eabi/lib/thumb/v7e-m/nofp\libg_nano.a(lib_a-nano-svfprintf.o) (memmove)
c:/program files (x86)/gnu tools arm embedded/8 2018-q4-major/bin/../lib/gcc/arm-none-eabi/8.2.1/../../../../arm-none-eabi/lib/thumb/v7e-m/nofp\libg_nano.a(lib_a-nano-freer.o)
                              c:/program files (x86)/gnu tools arm embedded/8 2018-q4-major/bin/../lib/gcc/arm-none-eabi/8.2.1/../../../../arm-none-eabi/lib/thumb/v7e-m/nofp\libg_nano.a(lib_a-nano-svfprintf.o) (_free_r)
c:/program files (x86)/gnu tools arm embedded/8 2018-q4-major/bin/../lib/gcc/arm-none-eabi/8.2.1/../../../../arm-none-eabi/lib/thumb/v7e-m/nofp\libg_nano.a(lib_a-nano-mallocr.o)
                              c:/program files (x86)/gnu tools arm embedded/8 2018-q4-major/bin/../lib/gcc/arm-none-eabi/8.2.1/../../../../arm-none-eabi/lib/thumb/v7e-m/nofp\libg_nano.a(lib_a-nano-svfprintf.o) (_malloc_r)
c:/program files (x86)/gnu tools arm embedded/8 2018-q4-major/bin/../lib/gcc/arm-none-eabi/8.2.1/../../../../arm-none-eabi/lib/thumb/v7e-m/nofp\libg_nano.a(lib_a-nano-reallocr.o)
                              c:/program files (x86)/gnu tools arm embedded/8 2018-q4-major/bin/../lib/gcc/arm-none-eabi/8.2.1/../../../../arm-none-eabi/lib/thumb/v7e-m/nofp\libg_nano.a(lib_a-nano-svfprintf.o) (_realloc_r)
c:/program files (x86)/gnu tools arm embedded/8 2018-q4-major/bin/../lib/gcc/arm-none-eabi/8.2.1/../../../../arm-none-eabi/lib/thumb/v7e-m/nofp\libg_nano.a(lib_a-sbrkr.o)
                              c:/program files (x86)/gnu tools arm embedded/8 2018-q4-major/bin/../lib/gcc/arm-none-eabi/8.2.1/../../../../arm-none-eabi/lib/thumb/v7e-m/nofp\libg_nano.a(lib_a-nano-mallocr.o) (_sbrk_r)
c:/program files (x86)/gnu tools arm embedded/8 2018-q4-major/bin/../lib/gcc/arm-none-eabi/8.2.1/../../../../arm-none-eabi/lib/thumb/v7e-m/nofp\libg_nano.a(lib_a-mlock.o)
[...]
Memory Configuration

Name             Origin             Length             Attributes
RAM              0x20000000         0x00020000         xrw
CCMRAM           0x10000000         0x00010000         xrw
FLASH            0x08000000         0x00080000         xr
FLASHB1          0x00000000         0x00000000         xr
EXTMEMB0         0x00000000         0x00000000         xr
EXTMEMB1         0x00000000         0x00000000         xr
EXTMEMB2         0x00000000         0x00000000         xr
EXTMEMB3         0x00000000         0x00000000         xr
MEMORY_ARRAY     0x20002000         0x00000020         xrw
*default*        0x00000000         0xffffffff

Linker script and memory map

LOAD ./system/src/stm32f4-hal/stm32f4xx_hal.o
LOAD ./system/src/stm32f4-hal/stm32f4xx_hal_cortex.o
LOAD ./system/src/stm32f4-hal/stm32f4xx_hal_dfsdm.o
LOAD ./system/src/stm32f4-hal/stm32f4xx_hal_flash.o
LOAD ./system/src/stm32f4-hal/stm32f4xx_hal_gpio.o
LOAD ./system/src/stm32f4-hal/stm32f4xx_hal_i2c.o
LOAD ./system/src/stm32f4-hal/stm32f4xx_hal_iwdg.o
LOAD ./system/src/stm32f4-hal/stm32f4xx_hal_pwr.o
LOAD ./system/src/stm32f4-hal/stm32f4xx_hal_rcc.o
LOAD ./system/src/stm32f4-hal/stm32f4xx_hal_uart.o
LOAD ./system/src/newlib/_cxx.o
LOAD ./system/src/newlib/_exit.o
LOAD ./system/src/newlib/_sbrk.o
LOAD ./system/src/newlib/_startup.o
LOAD ./system/src/newlib/_syscalls.o
LOAD ./system/src/newlib/assert.o
LOAD ./system/src/diag/Trace.o
LOAD ./system/src/diag/trace_impl.o
LOAD ./system/src/cortexm/_initialize_hardware.o
LOAD ./system/src/cortexm/_reset_hardware.o
LOAD ./system/src/cortexm/exception_handlers.o
LOAD ./system/src/cmsis/system_stm32f4xx.o
LOAD ./system/src/cmsis/vectors_stm32f411xe.o
LOAD ./src/BlinkLed.o
LOAD ./src/Timer.o
LOAD ./src/_initialize_hardware.o
LOAD ./src/_write.o
LOAD ./src/gesture.o
LOAD ./src/i2c.o
LOAD ./src/main.o
LOAD ./src/stm32f4xx_hal_msp.o
LOAD ./src/uart.o
LOAD c:/program files (x86)/gnu tools arm embedded/8 2018-q4-major/bin/../lib/gcc/arm-none-eabi/8.2.1/../../../../arm-none-eabi/lib/thumb/v7e-m/nofp\libstdc++_nano.a
LOAD c:/program files (x86)/gnu tools arm embedded/8 2018-q4-major/bin/../lib/gcc/arm-none-eabi/8.2.1/../../../../arm-none-eabi/lib/thumb/v7e-m/nofp\libm.a
START GROUP
LOAD c:/program files (x86)/gnu tools arm embedded/8 2018-q4-major/bin/../lib/gcc/arm-none-eabi/8.2.1/thumb/v7e-m/nofp\libgcc.a
LOAD c:/program files (x86)/gnu tools arm embedded/8 2018-q4-major/bin/../lib/gcc/arm-none-eabi/8.2.1/../../../../arm-none-eabi/lib/thumb/v7e-m/nofp\libg_nano.a
LOAD c:/program files (x86)/gnu tools arm embedded/8 2018-q4-major/bin/../lib/gcc/arm-none-eabi/8.2.1/../../../../arm-none-eabi/lib/thumb/v7e-m/nofp\libc_nano.a
END GROUP
START GROUP
LOAD c:/program files (x86)/gnu tools arm embedded/8 2018-q4-major/bin/../lib/gcc/arm-none-eabi/8.2.1/thumb/v7e-m/nofp\libgcc.a
LOAD c:/program files (x86)/gnu tools arm embedded/8 2018-q4-major/bin/../lib/gcc/arm-none-eabi/8.2.1/../../../../arm-none-eabi/lib/thumb/v7e-m/nofp\libc_nano.a
END GROUP
                0x20020000                __stack = (ORIGIN (RAM) + LENGTH (RAM))
                0x20020000                _estack = __stack
                0x00000400                __Main_Stack_Size = 0x400
                [!provide]                PROVIDE (_Main_Stack_Size = __Main_Stack_Size)
                0x2001fc00                __Main_Stack_Limit = (__stack - __Main_Stack_Size)
                [!provide]                PROVIDE (_Main_Stack_Limit = __Main_Stack_Limit)
                0x00000100                _Minimum_Stack_Size = 0x100
                0x200002c8                PROVIDE (_Heap_Begin = _end_noinit)
                0x2001fc00                PROVIDE (_Heap_Limit = (__stack - __Main_Stack_Size))

.isr_vector     0x08000000      0x3f8
 FILL mask 0xff
                0x08000000                __vectors_start = ABSOLUTE (.)
                0x08000000                __vectors_start__ = ABSOLUTE (.)
 *(.isr_vector)
 .isr_vector    0x08000000      0x198 ./system/src/cmsis/vectors_stm32f411xe.o
                0x08000000                __isr_vectors
 *(.cfmconfig)
 *(.after_vectors .after_vectors.*)
 .after_vectors
                0x08000198      0x130 ./system/src/newlib/_startup.o
                0x08000198                _start
 .after_vectors
                0x080002c8      0x12c ./system/src/cortexm/exception_handlers.o
                0x080002c8                Reset_Handler
                0x080002ce                NMI_Handler
                0x080002d2                HardFault_Handler
                0x080002e6                HardFault_Handler_C
                0x08000344                MemManage_Handler
                0x08000348                BusFault_Handler
                0x0800035c                BusFault_Handler_C
                0x08000390                UsageFault_Handler
                0x080003a4                UsageFault_Handler_C
                0x080003d8                SVC_Handler
                0x080003dc                DebugMon_Handler
                0x080003e0                PendSV_Handler
 .after_vectors
                0x080003f4        0x4 ./system/src/cmsis/vectors_stm32f411xe.o
                0x080003f4                RTC_Alarm_IRQHandler
                0x080003f4                EXTI2_IRQHandler
                0x080003f4                SPI4_IRQHandler
                0x080003f4                TIM1_CC_IRQHandler
                0x080003f4                DMA2_Stream5_IRQHandler
                0x080003f4                DMA1_Stream5_IRQHandler
                0x080003f4                PVD_IRQHandler
                0x080003f4                SDIO_IRQHandler
                0x080003f4                TAMP_STAMP_IRQHandler
                0x080003f4                EXTI3_IRQHandler
                0x080003f4                TIM1_UP_TIM10_IRQHandler
                0x080003f4                I2C3_ER_IRQHandler
                0x080003f4                EXTI0_IRQHandler
                0x080003f4                I2C2_EV_IRQHandler
                0x080003f4                DMA1_Stream2_IRQHandler
                0x080003f4                FPU_IRQHandler
                0x080003f4                DMA2_Stream2_IRQHandler
                0x080003f4                SPI1_IRQHandler
                0x080003f4                TIM1_BRK_TIM9_IRQHandler
                0x080003f4                DMA2_Stream3_IRQHandler
                0x080003f4                USART6_IRQHandler
                0x080003f4                DMA2_Stream0_IRQHandler
                0x080003f4                TIM4_IRQHandler
                0x080003f4                I2C1_EV_IRQHandler
                0x080003f4                DMA1_Stream6_IRQHandler
                0x080003f4                DMA1_Stream1_IRQHandler
                0x080003f4                TIM3_IRQHandler
                0x080003f4                RCC_IRQHandler
                0x080003f4                Default_Handler
                0x080003f4                EXTI15_10_IRQHandler
                0x080003f4                ADC_IRQHandler
                0x080003f4                DMA1_Stream7_IRQHandler
                0x080003f4                SPI5_IRQHandler
                0x080003f4                TIM5_IRQHandler
                0x080003f4                DMA2_Stream7_IRQHandler
                0x080003f4                I2C3_EV_IRQHandler
                0x080003f4                EXTI9_5_IRQHandler
                0x080003f4                RTC_WKUP_IRQHandler
                0x080003f4                SPI2_IRQHandler
                0x080003f4                DMA1_Stream0_IRQHandler
                0x080003f4                EXTI4_IRQHandler
                0x080003f4                WWDG_IRQHandler
                0x080003f4                TIM2_IRQHandler
                0x080003f4                OTG_FS_WKUP_IRQHandler
                0x080003f4                TIM1_TRG_COM_TIM11_IRQHandler
                0x080003f4                EXTI1_IRQHandler
                0x080003f4                USART2_IRQHandler
                0x080003f4                I2C2_ER_IRQHandler
                0x080003f4                DMA2_Stream1_IRQHandler
                0x080003f4                FLASH_IRQHandler
                0x080003f4                DMA2_Stream4_IRQHandler
                0x080003f4                USART1_IRQHandler
                0x080003f4                OTG_FS_IRQHandler
                0x080003f4                SPI3_IRQHandler
                0x080003f4                DMA1_Stream4_IRQHandler
                0x080003f4                I2C1_ER_IRQHandler
                0x080003f4                DMA2_Stream6_IRQHandler
                0x080003f4                DMA1_Stream3_IRQHandler

.inits          0x080003f8       0x28
                0x080003f8                __data_regions_array_start = .
                0x080003f8        0x4 LONG 0x8003398 LOADADDR (.data)
                0x080003fc        0x4 LONG 0x20000000 ADDR (.data)
                0x08000400        0x4 LONG 0x20000078 (ADDR (.data) + SIZEOF (.data))
                0x08000404        0x4 LONG 0x8003398 LOADADDR (.data_CCMRAM)
                0x08000408        0x4 LONG 0x10000000 ADDR (.data_CCMRAM)
                0x0800040c        0x4 LONG 0x10000000 (ADDR (.data_CCMRAM) + SIZEOF (.data_CCMRAM))
                0x08000410                __data_regions_array_end = .
                0x08000410                __bss_regions_array_start = .
                0x08000410        0x4 LONG 0x20000078 ADDR (.bss)
                0x08000414        0x4 LONG 0x200002c8 (ADDR (.bss) + SIZEOF (.bss))
                0x08000418        0x4 LONG 0x10000000 ADDR (.bss_CCMRAM)
                0x0800041c        0x4 LONG 0x10000000 (ADDR (.bss_CCMRAM) + SIZEOF (.bss_CCMRAM))
                0x08000420                __bss_regions_array_end = .
 *(.init)
 *(.fini)
                0x08000420                . = ALIGN (0x4)
                0x08000420                PROVIDE (__preinit_array_start = .)
 *(.preinit_array_sysinit .preinit_array_sysinit.*)
 *(.preinit_array_platform .preinit_array_platform.*)
 *(.preinit_array .preinit_array.*)
                0x08000420                PROVIDE (__preinit_array_end = .)
                0x08000420                . = ALIGN (0x4)
                0x08000420                PROVIDE (__init_array_start = .)
 *(SORT_BY_NAME(.init_array.*))
 *(.init_array)
                0x08000420                PROVIDE (__init_array_end = .)
                0x08000420                . = ALIGN (0x4)
                0x08000420                PROVIDE (__fini_array_start = .)
 *(SORT_BY_NAME(.fini_array.*))
 *(.fini_array)
                0x08000420                PROVIDE (__fini_array_end = .)

.flashtext
 *(.flashtext .flashtext.*)

.text           0x08000420     0x2f77
 *(.text .text.*)
 .text.HAL_InitTick
                0x08000420       0x2c ./system/src/stm32f4-hal/stm32f4xx_hal.o
                0x08000420                HAL_InitTick
 .text.HAL_Init
                0x0800044c       0x34 ./system/src/stm32f4-hal/stm32f4xx_hal.o
                0x0800044c                HAL_Init
 .text.HAL_IncTick
                0x08000480       0x10 ./system/src/stm32f4-hal/stm32f4xx_hal.o
                0x08000480                HAL_IncTick
 .text.HAL_GetTick
                0x08000490        0xc ./system/src/stm32f4-hal/stm32f4xx_hal.o
                0x08000490                HAL_GetTick
 .text.HAL_Delay
                0x0800049c       0x1c ./system/src/stm32f4-hal/stm32f4xx_hal.o
                0x0800049c                HAL_Delay
 .text.HAL_NVIC_SetPriorityGrouping
                0x080004b8       0x3c ./system/src/stm32f4-hal/stm32f4xx_hal_cortex.o
                0x080004b8                HAL_NVIC_SetPriorityGrouping
 .text.HAL_NVIC_SetPriority
                0x080004f4       0x8c ./system/src/stm32f4-hal/stm32f4xx_hal_cortex.o
                0x080004f4                HAL_NVIC_SetPriority
 .text.HAL_SYSTICK_Config
                0x08000580       0x2c ./system/src/stm32f4-hal/stm32f4xx_hal_cortex.o
                0x08000580                HAL_SYSTICK_Config
 .text.HAL_SYSTICK_CLKSourceConfig
                0x080005ac       0x3c ./system/src/stm32f4-hal/stm32f4xx_hal_cortex.o
                0x080005ac                HAL_SYSTICK_CLKSourceConfig
 .text.HAL_GPIO_Init
                0x080005e8      0x2b0 ./system/src/stm32f4-hal/stm32f4xx_hal_gpio.o
                0x080005e8                HAL_GPIO_Init
 .text.HAL_GPIO_WritePin
                0x08000898       0x38 ./system/src/stm32f4-hal/stm32f4xx_hal_gpio.o
                0x08000898                HAL_GPIO_WritePin
 .text.I2C_IsAcknowledgeFailed
                0x080008d0       0x2a ./system/src/stm32f4-hal/stm32f4xx_hal_i2c.o
 .text.I2C_WaitOnFlagUntilTimeout
                0x080008fa       0x64 ./system/src/stm32f4-hal/stm32f4xx_hal_i2c.o
 .text.I2C_WaitOnMasterAddressFlagUntilTimeout
                0x0800095e       0x90 ./system/src/stm32f4-hal/stm32f4xx_hal_i2c.o
 *fill*         0x080009ee        0x2 
 .text.I2C_MasterRequestWrite
                0x080009f0       0xbc ./system/src/stm32f4-hal/stm32f4xx_hal_i2c.o
 .text.I2C_MasterRequestRead
                0x08000aac      0x12c ./system/src/stm32f4-hal/stm32f4xx_hal_i2c.o
 .text.I2C_WaitOnTXEFlagUntilTimeout
                0x08000bd8       0x4e ./system/src/stm32f4-hal/stm32f4xx_hal_i2c.o
 .text.I2C_WaitOnBTFFlagUntilTimeout
                0x08000c26       0x4e ./system/src/stm32f4-hal/stm32f4xx_hal_i2c.o
 .text.I2C_WaitOnRXNEFlagUntilTimeout
                0x08000c74       0x5c ./system/src/stm32f4-hal/stm32f4xx_hal_i2c.o
 .text.HAL_I2C_Init
                0x08000cd0      0x1f8 ./system/src/stm32f4-hal/stm32f4xx_hal_i2c.o
                0x08000cd0                HAL_I2C_Init
 .text.HAL_I2C_Master_Transmit
                0x08000ec8      0x160 ./system/src/stm32f4-hal/stm32f4xx_hal_i2c.o
                0x08000ec8                HAL_I2C_Master_Transmit
 .text.HAL_I2C_Master_Receive
                0x08001028      0x268 ./system/src/stm32f4-hal/stm32f4xx_hal_i2c.o
                0x08001028                HAL_I2C_Master_Receive
 .text.HAL_RCC_OscConfig
                0x08001290      0x43c ./system/src/stm32f4-hal/stm32f4xx_hal_rcc.o
                0x08001290                HAL_RCC_OscConfig
 .text.HAL_RCC_GetSysClockFreq
                0x080016cc       0x94 ./system/src/stm32f4-hal/stm32f4xx_hal_rcc.o
                0x080016cc                HAL_RCC_GetSysClockFreq
 .text.HAL_RCC_ClockConfig
                0x08001760      0x258 ./system/src/stm32f4-hal/stm32f4xx_hal_rcc.o
                0x08001760                HAL_RCC_ClockConfig
 .text.HAL_RCC_GetHCLKFreq
                0x080019b8        0xc ./system/src/stm32f4-hal/stm32f4xx_hal_rcc.o
                0x080019b8                HAL_RCC_GetHCLKFreq
 .text.HAL_RCC_GetPCLK1Freq
                0x080019c4       0x2c ./system/src/stm32f4-hal/stm32f4xx_hal_rcc.o
                0x080019c4                HAL_RCC_GetPCLK1Freq
 .text._exit    0x080019f0        0x2 ./system/src/newlib/_exit.o
                0x080019f0                _exit
 *fill*         0x080019f2        0x2 
 .text.abort    0x080019f4       0x14 ./system/src/newlib/_exit.o
                0x080019f4                abort
 .text._sbrk    0x08001a08       0x44 ./system/src/newlib/_sbrk.o
                0x08001a08                _sbrk
 .text.__initialize_args
                0x08001a4c       0x10 ./system/src/newlib/_syscalls.o
                0x08001a4c                __initialize_args
 .text.assert_failed
                0x08001a5c       0x14 ./system/src/newlib/assert.o
                0x08001a5c                assert_failed
 .text.trace_printf
                0x08001a70       0x34 ./system/src/diag/Trace.o
                0x08001a70                trace_printf
 .text.trace_puts
                0x08001aa4       0x20 ./system/src/diag/Trace.o
                0x08001aa4                trace_puts
 .text._trace_write_semihosting_debug
                0x08001ac4       0x60 ./system/src/diag/trace_impl.o
 .text.trace_write
                0x08001b24        0x8 ./system/src/diag/trace_impl.o
                0x08001b24                trace_write
 .text.__initialize_hardware_early
                0x08001b2c       0x18 ./system/src/cortexm/_initialize_hardware.o
                0x08001b2c                __initialize_hardware_early
 .text.dumpExceptionStack
                0x08001b44       0xf4 ./system/src/cortexm/exception_handlers.o
                0x08001b44                dumpExceptionStack
 .text.isSemihosting
                0x08001c38       0x20 ./system/src/cortexm/exception_handlers.o
                0x08001c38                isSemihosting
 .text.SystemInit
                0x08001c58       0x40 ./system/src/cmsis/system_stm32f4xx.o
                0x08001c58                SystemInit
 .text.SystemCoreClockUpdate
                0x08001c98       0xa0 ./system/src/cmsis/system_stm32f4xx.o
                0x08001c98                SystemCoreClockUpdate
 .text.SysTick_Handler
                0x08001d38       0x1c ./src/Timer.o
                0x08001d38                SysTick_Handler
 .text.SystemClock_Config
                0x08001d54       0x98 ./src/_initialize_hardware.o
                0x08001d54                SystemClock_Config
 .text.__initialize_hardware
                0x08001dec       0x10 ./src/_initialize_hardware.o
                0x08001dec                __initialize_hardware
 .text._Z17setRDYPinToOutputv
                0x08001dfc       0x24 ./src/gesture.o
                0x08001dfc                setRDYPinToOutput()
 .text._Z16setRDYPinToInputv
                0x08001e20       0x24 ./src/gesture.o
                0x08001e20                setRDYPinToInput()
 .text._Z17setRSTPinToOutputv
                0x08001e44       0x24 ./src/gesture.o
                0x08001e44                setRSTPinToOutput()
 .text._Z9setRDYpinh
                0x08001e68       0x28 ./src/gesture.o
                0x08001e68                setRDYpin(unsigned char)
 .text._Z9setRSTpinh
                0x08001e90       0x28 ./src/gesture.o
                0x08001e90                setRSTpin(unsigned char)
 .text._Z10readRDYpinv
                0x08001eb8       0x10 ./src/gesture.o
                0x08001eb8                readRDYpin()
 .text._Z11GestIC_Readc
                0x08001ec8       0x10 ./src/gesture.o
                0x08001ec8                GestIC_Read(char)
 .text._Z12GestIC_Writeh
                0x08001ed8       0x10 ./src/gesture.o
                0x08001ed8                GestIC_Write(unsigned char)
 .text._Z10setTriggerc
                0x08001ee8       0x58 ./src/gesture.o
                0x08001ee8                setTrigger(char)
 .text._Z15TransFreqSelectcm
                0x08001f40       0x44 ./src/gesture.o
                0x08001f40                TransFreqSelect(char, unsigned long)
 .text._Z20setEnableAllGesturesv
                0x08001f84       0x38 ./src/gesture.o
                0x08001f84                setEnableAllGestures()
 .text._Z9getFWInfov
                0x08001fbc       0xb4 ./src/gesture.o
                0x08001fbc                getFWInfo()
 .text._Z17updateGestureDatav
                0x08002070       0xc0 ./src/gesture.o
                0x08002070                updateGestureData()
 .text.HAL_I2C_MspInit
                0x08002130       0x68 ./src/i2c.o
                0x08002130                HAL_I2C_MspInit
 .text._Z7initI2cv
                0x08002198       0x74 ./src/i2c.o
                0x08002198                initI2c()
 .text._Z12i2cApi_writePhh
                0x0800220c       0x20 ./src/i2c.o
                0x0800220c                i2cApi_write(unsigned char*, unsigned char)
 .text._Z11i2cApi_readPhh
                0x0800222c       0x20 ./src/i2c.o
                0x0800222c                i2cApi_read(unsigned char*, unsigned char)
 .text._Z8initPinsv
                0x0800224c       0x48 ./src/main.o
                0x0800224c                initPins()
 .text._Z14Display_Valuesv
                0x08002294      0x2c8 ./src/main.o
                0x08002294                Display_Values()
 .text.main     0x0800255c       0xa0 ./src/main.o
                0x0800255c                main
 .text.HAL_MspInit
                0x080025fc        0x2 ./src/stm32f4xx_hal_msp.o
                0x080025fc                HAL_MspInit
 *fill*         0x080025fe        0x2 
 .text.__errno  0x08002600        0xc c:/program files (x86)/gnu tools arm embedded/8 2018-q4-major/bin/../lib/gcc/arm-none-eabi/8.2.1/../../../../arm-none-eabi/lib/thumb/v7e-m/nofp\libg_nano.a(lib_a-errno.o)
                0x08002600                __errno
 .text          0x0800260c       0x10 c:/program files (x86)/gnu tools arm embedded/8 2018-q4-major/bin/../lib/gcc/arm-none-eabi/8.2.1/../../../../arm-none-eabi/lib/thumb/v7e-m/nofp\libg_nano.a(lib_a-strlen.o)
                0x0800260c                strlen
 .text._vsnprintf_r
                0x0800261c       0x58 c:/program files (x86)/gnu tools arm embedded/8 2018-q4-major/bin/../lib/gcc/arm-none-eabi/8.2.1/../../../../arm-none-eabi/lib/thumb/v7e-m/nofp\libg_nano.a(lib_a-vsnprintf.o)
                0x0800261c                _vsniprintf_r
                0x0800261c                _vsnprintf_r
 .text.vsnprintf
                0x08002674       0x1c c:/program files (x86)/gnu tools arm embedded/8 2018-q4-major/bin/../lib/gcc/arm-none-eabi/8.2.1/../../../../arm-none-eabi/lib/thumb/v7e-m/nofp\libg_nano.a(lib_a-vsnprintf.o)
                0x08002674                vsniprintf
                0x08002674                vsnprintf
 .text.__ssputs_r
                0x08002690       0xb6 c:/program files (x86)/gnu tools arm embedded/8 2018-q4-major/bin/../lib/gcc/arm-none-eabi/8.2.1/../../../../arm-none-eabi/lib/thumb/v7e-m/nofp\libg_nano.a(lib_a-nano-svfprintf.o)
                0x08002690                __ssputs_r
 *fill*         0x08002746        0x2 
 .text._svfprintf_r
                0x08002748      0x1f0 c:/program files (x86)/gnu tools arm embedded/8 2018-q4-major/bin/../lib/gcc/arm-none-eabi/8.2.1/../../../../arm-none-eabi/lib/thumb/v7e-m/nofp\libg_nano.a(lib_a-nano-svfprintf.o)
                0x08002748                _svfiprintf_r
                0x08002748                _svfprintf_r
 .text._printf_common
                0x08002938       0xea c:/program files (x86)/gnu tools arm embedded/8 2018-q4-major/bin/../lib/gcc/arm-none-eabi/8.2.1/../../../../arm-none-eabi/lib/thumb/v7e-m/nofp\libg_nano.a(lib_a-nano-vfprintf_i.o)
                0x08002938                _printf_common
 *fill*         0x08002a22        0x2 
 .text._printf_i
                0x08002a24      0x228 c:/program files (x86)/gnu tools arm embedded/8 2018-q4-major/bin/../lib/gcc/arm-none-eabi/8.2.1/../../../../arm-none-eabi/lib/thumb/v7e-m/nofp\libg_nano.a(lib_a-nano-vfprintf_i.o)
                0x08002a24                _printf_i
 *fill*         0x08002c4c        0x4 
 .text          0x08002c50       0xa0 c:/program files (x86)/gnu tools arm embedded/8 2018-q4-major/bin/../lib/gcc/arm-none-eabi/8.2.1/../../../../arm-none-eabi/lib/thumb/v7e-m/nofp\libg_nano.a(lib_a-memchr.o)
                0x08002c50                memchr
 .text.memcpy   0x08002cf0       0x1c c:/program files (x86)/gnu tools arm embedded/8 2018-q4-major/bin/../lib/gcc/arm-none-eabi/8.2.1/../../../../arm-none-eabi/lib/thumb/v7e-m/nofp\libg_nano.a(lib_a-memcpy-stub.o)
                0x08002cf0                memcpy
 .text.memmove  0x08002d0c       0x34 c:/program files (x86)/gnu tools arm embedded/8 2018-q4-major/bin/../lib/gcc/arm-none-eabi/8.2.1/../../../../arm-none-eabi/lib/thumb/v7e-m/nofp\libg_nano.a(lib_a-memmove.o)
                0x08002d0c                memmove
 .text._free_r  0x08002d40       0x9c c:/program files (x86)/gnu tools arm embedded/8 2018-q4-major/bin/../lib/gcc/arm-none-eabi/8.2.1/../../../../arm-none-eabi/lib/thumb/v7e-m/nofp\libg_nano.a(lib_a-nano-freer.o)
                0x08002d40                _free_r
 .text._malloc_r
                0x08002ddc       0xb4 c:/program files (x86)/gnu tools arm embedded/8 2018-q4-major/bin/../lib/gcc/arm-none-eabi/8.2.1/../../../../arm-none-eabi/lib/thumb/v7e-m/nofp\libg_nano.a(lib_a-nano-mallocr.o)
                0x08002ddc                _malloc_r
 .text._realloc_r
                0x08002e90       0x4c c:/program files (x86)/gnu tools arm embedded/8 2018-q4-major/bin/../lib/gcc/arm-none-eabi/8.2.1/../../../../arm-none-eabi/lib/thumb/v7e-m/nofp\libg_nano.a(lib_a-nano-reallocr.o)
                0x08002e90                _realloc_r
 .text._sbrk_r  0x08002edc       0x20 c:/program files (x86)/gnu tools arm embedded/8 2018-q4-major/bin/../lib/gcc/arm-none-eabi/8.2.1/../../../../arm-none-eabi/lib/thumb/v7e-m/nofp\libg_nano.a(lib_a-sbrkr.o)
                0x08002edc                _sbrk_r
 .text.__malloc_lock
                0x08002efc        0xc c:/program files (x86)/gnu tools arm embedded/8 2018-q4-major/bin/../lib/gcc/arm-none-eabi/8.2.1/../../../../arm-none-eabi/lib/thumb/v7e-m/nofp\libg_nano.a(lib_a-mlock.o)
                0x08002efc                __malloc_lock
 .text.__malloc_unlock
                0x08002f08        0xc c:/program files (x86)/gnu tools arm embedded/8 2018-q4-major/bin/../lib/gcc/arm-none-eabi/8.2.1/../../../../arm-none-eabi/lib/thumb/v7e-m/nofp\libg_nano.a(lib_a-mlock.o)
                0x08002f08                __malloc_unlock
 .text._malloc_usable_size_r
                0x08002f14       0x10 c:/program files (x86)/gnu tools arm embedded/8 2018-q4-major/bin/../lib/gcc/arm-none-eabi/8.2.1/../../../../arm-none-eabi/lib/thumb/v7e-m/nofp\libg_nano.a(lib_a-nano-msizer.o)
                0x08002f14                _malloc_usable_size_r
 .text.__retarget_lock_acquire_recursive
                0x08002f24        0x2 c:/program files (x86)/gnu tools arm embedded/8 2018-q4-major/bin/../lib/gcc/arm-none-eabi/8.2.1/../../../../arm-none-eabi/lib/thumb/v7e-m/nofp\libg_nano.a(lib_a-lock.o)
                0x08002f24                __retarget_lock_acquire_recursive
 .text.__retarget_lock_release_recursive
                0x08002f26        0x2 c:/program files (x86)/gnu tools arm embedded/8 2018-q4-major/bin/../lib/gcc/arm-none-eabi/8.2.1/../../../../arm-none-eabi/lib/thumb/v7e-m/nofp\libg_nano.a(lib_a-lock.o)
                0x08002f26                __retarget_lock_release_recursive
 *(.rodata .rodata.* .constdata .constdata.*)
 .rodata.HAL_NVIC_SetPriorityGrouping.str1.4
                0x08002f28       0x31 ./system/src/stm32f4-hal/stm32f4xx_hal_cortex.o
 *fill*         0x08002f59        0x3 
 .rodata.HAL_GPIO_Init.str1.4
                0x08002f5c       0x2f ./system/src/stm32f4-hal/stm32f4xx_hal_gpio.o
 *fill*         0x08002f8b        0x1 
 .rodata.HAL_I2C_Init.str1.4
                0x08002f8c       0x2e ./system/src/stm32f4-hal/stm32f4xx_hal_i2c.o
 *fill*         0x08002fba        0x2 
 .rodata.APBAHBPrescTable
                0x08002fbc       0x10 ./system/src/stm32f4-hal/stm32f4xx_hal_rcc.o
                0x08002fbc                APBAHBPrescTable
 .rodata.HAL_RCC_OscConfig.str1.4
                0x08002fcc       0x2e ./system/src/stm32f4-hal/stm32f4xx_hal_rcc.o
 *fill*         0x08002ffa        0x2 
 .rodata.abort.str1.4
                0x08002ffc       0x14 ./system/src/newlib/_exit.o
 .rodata.assert_failed.str1.4
                0x08003010       0x2b ./system/src/newlib/assert.o
 .rodata.trace_puts.str1.4
                0x0800303b       0x2b ./system/src/diag/Trace.o
                                  0x2 (size before relaxing)
 *fill*         0x0800303b        0x1 
 .rodata.dumpExceptionStack.str1.4
                0x0800303c      0x11a ./system/src/cortexm/exception_handlers.o
 *fill*         0x08003156        0x2 
 .rodata.str1.4
                0x08003158       0x2a ./system/src/cortexm/exception_handlers.o
 *fill*         0x08003182        0x2 
 .rodata.AHBPrescTable
                0x08003184       0x10 ./system/src/cmsis/system_stm32f4xx.o
                0x08003184                AHBPrescTable
 .rodata._Z7initI2cv.str1.4
                0x08003194       0x20 ./src/i2c.o
 .rodata._Z14Display_Valuesv.str1.4
                0x080031b4      0x174 ./src/main.o
                                0x180 (size before relaxing)
 .rodata.main.str1.4
                0x08003328       0x3c ./src/main.o
                                 0x3a (size before relaxing)
 .rodata._svfprintf_r.str1.1
                0x08003364       0x11 c:/program files (x86)/gnu tools arm embedded/8 2018-q4-major/bin/../lib/gcc/arm-none-eabi/8.2.1/../../../../arm-none-eabi/lib/thumb/v7e-m/nofp\libg_nano.a(lib_a-nano-svfprintf.o)
 .rodata._printf_i.str1.1
                0x08003375       0x22 c:/program files (x86)/gnu tools arm embedded/8 2018-q4-major/bin/../lib/gcc/arm-none-eabi/8.2.1/../../../../arm-none-eabi/lib/thumb/v7e-m/nofp\libg_nano.a(lib_a-nano-vfprintf_i.o)
 *(vtable)
 *(.eh_frame*)
 *(.glue_7)
 .glue_7        0x08003397        0x0 linker stubs
 *(.glue_7t)
 .glue_7t       0x08003397        0x0 linker stubs

.vfp11_veneer   0x08003398        0x0
 .vfp11_veneer  0x08003398        0x0 linker stubs

.v4_bx          0x08003398        0x0
 .v4_bx         0x08003398        0x0 linker stubs

.iplt           0x08003398        0x0
 .iplt          0x08003398        0x0 ./system/src/stm32f4-hal/stm32f4xx_hal.o

.rel.dyn        0x08003398        0x0
 .rel.iplt      0x08003398        0x0 ./system/src/stm32f4-hal/stm32f4xx_hal.o

.ARM.extab
 *(.ARM.extab* .gnu.linkonce.armextab.*)
                0x08003398                . = ALIGN (0x4)
                0x08003398                __exidx_start = .

.ARM.exidx
 *(.ARM.exidx* .gnu.linkonce.armexidx.*)
                0x08003398                __exidx_end = .
                0x08003398                . = ALIGN (0x4)
                0x08003398                _etext = .
                0x08003398                __etext = .

.data_CCMRAM    0x10000000        0x0 load address 0x08003398
 FILL mask 0xff
 *(.data.CCMRAM .data.CCMRAM.*)
                0x10000000                . = ALIGN (0x4)
                0x08003398                _sidata = LOADADDR (.data)

.data           0x20000000       0x78 load address 0x08003398
 FILL mask 0xff
                0x20000000                _sdata = .
                0x20000000                __data_start__ = .
 *(.data_begin .data_begin.*)
 .data_begin    0x20000000        0x4 ./system/src/newlib/_startup.o
 *(.data .data.*)
 .data.argv.4374
                0x20000004        0x8 ./system/src/newlib/_syscalls.o
 .data.SystemCoreClock
                0x2000000c        0x4 ./system/src/cmsis/system_stm32f4xx.o
                0x2000000c                SystemCoreClock
 .data._impure_ptr
                0x20000010        0x4 c:/program files (x86)/gnu tools arm embedded/8 2018-q4-major/bin/../lib/gcc/arm-none-eabi/8.2.1/../../../../arm-none-eabi/lib/thumb/v7e-m/nofp\libg_nano.a(lib_a-impure.o)
                0x20000010                _impure_ptr
 .data.impure_data
                0x20000014       0x60 c:/program files (x86)/gnu tools arm embedded/8 2018-q4-major/bin/../lib/gcc/arm-none-eabi/8.2.1/../../../../arm-none-eabi/lib/thumb/v7e-m/nofp\libg_nano.a(lib_a-impure.o)
 *(.data_end .data_end.*)
 .data_end      0x20000074        0x4 ./system/src/newlib/_startup.o
                0x20000078                . = ALIGN (0x4)
                0x20000078                _edata = .
                0x20000078                __data_end__ = .

.igot.plt       0x20000078        0x0 load address 0x08003410
 .igot.plt      0x20000078        0x0 ./system/src/stm32f4-hal/stm32f4xx_hal.o

.bss_CCMRAM     0x10000000        0x0
 *(.bss.CCMRAM .bss.CCMRAM.*)

.bss            0x20000078      0x250
                0x20000078                __bss_start__ = .
                0x20000078                _sbss = .
 *(.bss_begin .bss_begin.*)
 .bss_begin     0x20000078        0x4 ./system/src/newlib/_startup.o
 *(.bss .bss.*)
 .bss.current_heap_end.4004
                0x2000007c        0x4 ./system/src/newlib/_sbrk.o
 .bss.name.4373
                0x20000080        0x1 ./system/src/newlib/_syscalls.o
 *fill*         0x20000081        0x3 
 .bss.buf.5248  0x20000084       0x80 ./system/src/diag/Trace.o
 .bss._ZN5Timer13ms_delayCountE
                0x20000104        0x4 ./src/Timer.o
                0x20000104                Timer::ms_delayCount
 .bss._ZL8raw_data
                0x20000108       0x84 ./src/gesture.o
 .bss.mGesture  0x2000018c       0xac ./src/gesture.o
                0x2000018c                mGesture
 .bss.I2cHandle
                0x20000238       0x54 ./src/i2c.o
                0x20000238                I2cHandle
 .bss.OLDAirWheelInfo
                0x2000028c        0x4 ./src/main.o
                0x2000028c                OLDAirWheelInfo
 .bss.cclk      0x20000290        0x4 ./src/main.o
                0x20000290                cclk
 .bss.clk       0x20000294        0x4 ./src/main.o
                0x20000294                clk
 .bss.flag      0x20000298        0x4 ./src/main.o
                0x20000298                flag
 .bss.gest_class
                0x2000029c        0x1 ./src/main.o
                0x2000029c                gest_class
 .bss.gest_edge_flick
                0x2000029d        0x1 ./src/main.o
                0x2000029d                gest_edge_flick
 .bss.gest_evt  0x2000029e        0x1 ./src/main.o
                0x2000029e                gest_evt
 .bss.gest_recognition
                0x2000029f        0x1 ./src/main.o
                0x2000029f                gest_recognition
 .bss.touch_evt
                0x200002a0        0x4 ./src/main.o
                0x200002a0                touch_evt
 .bss.touch_evt_old
                0x200002a4        0x4 ./src/main.o
                0x200002a4                touch_evt_old
 .bss.__malloc_free_list
                0x200002a8        0x4 c:/program files (x86)/gnu tools arm embedded/8 2018-q4-major/bin/../lib/gcc/arm-none-eabi/8.2.1/../../../../arm-none-eabi/lib/thumb/v7e-m/nofp\libg_nano.a(lib_a-nano-mallocr.o)
                0x200002a8                __malloc_free_list
 .bss.__malloc_sbrk_start
                0x200002ac        0x4 c:/program files (x86)/gnu tools arm embedded/8 2018-q4-major/bin/../lib/gcc/arm-none-eabi/8.2.1/../../../../arm-none-eabi/lib/thumb/v7e-m/nofp\libg_nano.a(lib_a-nano-mallocr.o)
                0x200002ac                __malloc_sbrk_start
 *(COMMON)
 COMMON         0x200002b0        0x4 ./system/src/stm32f4-hal/stm32f4xx_hal.o
                0x200002b0                uwTick
 COMMON         0x200002b4        0x4 ./system/src/newlib/_syscalls.o
                0x200002b4                errno
 COMMON         0x200002b8        0x9 c:/program files (x86)/gnu tools arm embedded/8 2018-q4-major/bin/../lib/gcc/arm-none-eabi/8.2.1/../../../../arm-none-eabi/lib/thumb/v7e-m/nofp\libg_nano.a(lib_a-lock.o)
                0x200002b8                __lock___atexit_recursive_mutex
                0x200002b9                __lock___arc4random_mutex
                0x200002ba                __lock___env_recursive_mutex
                0x200002bb                __lock___sinit_recursive_mutex
                0x200002bc                __lock___malloc_recursive_mutex
                0x200002bd                __lock___at_quick_exit_mutex
                0x200002be                __lock___dd_hash_mutex
                0x200002bf                __lock___tz_mutex
                0x200002c0                __lock___sfp_recursive_mutex
 *(.bss_end .bss_end.*)
 *fill*         0x200002c1        0x3 
 .bss_end       0x200002c4        0x4 ./system/src/newlib/_startup.o
                0x200002c8                . = ALIGN (0x4)
                0x200002c8                __bss_end__ = .
                0x200002c8                _ebss = .

.noinit_CCMRAM
 *(.noinit.CCMRAM .noinit.CCMRAM.*)

.noinit         0x200002c8        0x0
                0x200002c8                _noinit = .
 *(.noinit .noinit.*)
                0x200002c8                . = ALIGN (0x4)
                0x200002c8                _end_noinit = .
                [!provide]                PROVIDE (end = _end_noinit)
                [!provide]                PROVIDE (_end = _end_noinit)
                [!provide]                PROVIDE (__end = _end_noinit)
                [!provide]                PROVIDE (__end__ = _end_noinit)

._check_stack   0x200002c8      0x100
                0x200003c8                . = (. + _Minimum_Stack_Size)
 *fill*         0x200002c8      0x100 

.b1text
 *(.b1text)
 *(.b1rodata)
 *(.b1rodata.*)

.eb0text
 *(.eb0text)
 *(.eb0rodata)
 *(.eb0rodata.*)

.eb1text
 *(.eb1text)
 *(.eb1rodata)
 *(.eb1rodata.*)

.eb2text
 *(.eb2text)
 *(.eb2rodata)
 *(.eb2rodata.*)

.eb3text
 *(.eb3text)
 *(.eb3rodata)
 *(.eb3rodata.*)

.stab
 *(.stab)

.stabstr
 *(.stabstr)

.stab.excl
 *(.stab.excl)

.stab.exclstr
 *(.stab.exclstr)

.stab.index
 *(.stab.index)

.stab.indexstr
 *(.stab.indexstr)

.comment        0x00000000       0x75
 *(.comment)
 .comment       0x00000000       0x75 ./system/src/stm32f4-hal/stm32f4xx_hal.o
                                 0x76 (size before relaxing)
 .comment       0x00000075       0x76 ./system/src/stm32f4-hal/stm32f4xx_hal_cortex.o
 .comment       0x00000075       0x76 ./system/src/stm32f4-hal/stm32f4xx_hal_gpio.o
 .comment       0x00000075       0x76 ./system/src/stm32f4-hal/stm32f4xx_hal_i2c.o
 .comment       0x00000075       0x76 ./system/src/stm32f4-hal/stm32f4xx_hal_rcc.o
 .comment       0x00000075       0x76 ./system/src/newlib/_exit.o
 .comment       0x00000075       0x76 ./system/src/newlib/_sbrk.o
 .comment       0x00000075       0x76 ./system/src/newlib/_startup.o
 .comment       0x00000075       0x76 ./system/src/newlib/_syscalls.o
 .comment       0x00000075       0x76 ./system/src/newlib/assert.o
 .comment       0x00000075       0x76 ./system/src/diag/Trace.o
 .comment       0x00000075       0x76 ./system/src/diag/trace_impl.o
 .comment       0x00000075       0x76 ./system/src/cortexm/_initialize_hardware.o
 .comment       0x00000075       0x76 ./system/src/cortexm/exception_handlers.o
 .comment       0x00000075       0x76 ./system/src/cmsis/system_stm32f4xx.o
 .comment       0x00000075       0x76 ./system/src/cmsis/vectors_stm32f411xe.o
 .comment       0x00000075       0x76 ./src/Timer.o
 .comment       0x00000075       0x76 ./src/_initialize_hardware.o
 .comment       0x00000075       0x76 ./src/gesture.o
 .comment       0x00000075       0x76 ./src/i2c.o
 .comment       0x00000075       0x76 ./src/main.o
 .comment       0x00000075       0x76 ./src/stm32f4xx_hal_msp.o

.ARM.attributes
                0x00000000       0x2c
 .ARM.attributes
                0x00000000       0x2e ./system/src/stm32f4-hal/stm32f4xx_hal.o
 .ARM.attributes
                0x0000002e       0x2e ./system/src/stm32f4-hal/stm32f4xx_hal_cortex.o
 .ARM.attributes
                0x0000005c       0x2e ./system/src/stm32f4-hal/stm32f4xx_hal_gpio.o
 .ARM.attributes
                0x0000008a       0x2e ./system/src/stm32f4-hal/stm32f4xx_hal_i2c.o
 .ARM.attributes
                0x000000b8       0x2e ./system/src/stm32f4-hal/stm32f4xx_hal_rcc.o
 .ARM.attributes
                0x000000e6       0x2e ./system/src/newlib/_exit.o
 .ARM.attributes
                0x00000114       0x2e ./system/src/newlib/_sbrk.o
 .ARM.attributes
                0x00000142       0x2e ./system/src/newlib/_startup.o
 .ARM.attributes
                0x00000170       0x2e ./system/src/newlib/_syscalls.o
 .ARM.attributes
                0x0000019e       0x2e ./system/src/newlib/assert.o
 .ARM.attributes
                0x000001cc       0x2e ./system/src/diag/Trace.o
 .ARM.attributes
                0x000001fa       0x2e ./system/src/diag/trace_impl.o
 .ARM.attributes
                0x00000228       0x2e ./system/src/cortexm/_initialize_hardware.o
 .ARM.attributes
                0x00000256       0x2e ./system/src/cortexm/exception_handlers.o
 .ARM.attributes
                0x00000284       0x2e ./system/src/cmsis/system_stm32f4xx.o
 .ARM.attributes
                0x000002b2       0x2e ./system/src/cmsis/vectors_stm32f411xe.o
 .ARM.attributes
                0x000002e0       0x2e ./src/Timer.o
 .ARM.attributes
                0x0000030e       0x2e ./src/_initialize_hardware.o
 .ARM.attributes
                0x0000033c       0x2e ./src/gesture.o
 .ARM.attributes
                0x0000036a       0x2e ./src/i2c.o
 .ARM.attributes
                0x00000398       0x2e ./src/main.o
 .ARM.attributes
                0x000003c6       0x2e ./src/stm32f4xx_hal_msp.o
 .ARM.attributes
                0x000003f4       0x2e c:/program files (x86)/gnu tools arm embedded/8 2018-q4-major/bin/../lib/gcc/arm-none-eabi/8.2.1/../../../../arm-none-eabi/lib/thumb/v7e-m/nofp\libg_nano.a(lib_a-errno.o)
 .ARM.attributes
                0x00000422       0x2e c:/program files (x86)/gnu tools arm embedded/8 2018-q4-major/bin/../lib/gcc/arm-none-eabi/8.2.1/../../../../arm-none-eabi/lib/thumb/v7e-m/nofp\libg_nano.a(lib_a-impure.o)
 .ARM.attributes
                0x00000450       0x17 c:/program files (x86)/gnu tools arm embedded/8 2018-q4-major/bin/../lib/gcc/arm-none-eabi/8.2.1/../../../../arm-none-eabi/lib/thumb/v7e-m/nofp\libg_nano.a(lib_a-strlen.o)
 .ARM.attributes
                0x00000467       0x2e c:/program files (x86)/gnu tools arm embedded/8 2018-q4-major/bin/../lib/gcc/arm-none-eabi/8.2.1/../../../../arm-none-eabi/lib/thumb/v7e-m/nofp\libg_nano.a(lib_a-vsnprintf.o)
 .ARM.attributes
                0x00000495       0x2e c:/program files (x86)/gnu tools arm embedded/8 2018-q4-major/bin/../lib/gcc/arm-none-eabi/8.2.1/../../../../arm-none-eabi/lib/thumb/v7e-m/nofp\libg_nano.a(lib_a-nano-svfprintf.o)
 .ARM.attributes
                0x000004c3       0x2e c:/program files (x86)/gnu tools arm embedded/8 2018-q4-major/bin/../lib/gcc/arm-none-eabi/8.2.1/../../../../arm-none-eabi/lib/thumb/v7e-m/nofp\libg_nano.a(lib_a-nano-vfprintf_i.o)
 .ARM.attributes
                0x000004f1       0x1c c:/program files (x86)/gnu tools arm embedded/8 2018-q4-major/bin/../lib/gcc/arm-none-eabi/8.2.1/../../../../arm-none-eabi/lib/thumb/v7e-m/nofp\libg_nano.a(lib_a-memchr.o)
 .ARM.attributes
                0x0000050d       0x2e c:/program files (x86)/gnu tools arm embedded/8 2018-q4-major/bin/../lib/gcc/arm-none-eabi/8.2.1/../../../../arm-none-eabi/lib/thumb/v7e-m/nofp\libg_nano.a(lib_a-memcpy-stub.o)
 .ARM.attributes
                0x0000053b       0x2e c:/program files (x86)/gnu tools arm embedded/8 2018-q4-major/bin/../lib/gcc/arm-none-eabi/8.2.1/../../../../arm-none-eabi/lib/thumb/v7e-m/nofp\libg_nano.a(lib_a-memmove.o)
 .ARM.attributes
                0x00000569       0x2e c:/program files (x86)/gnu tools arm embedded/8 2018-q4-major/bin/../lib/gcc/arm-none-eabi/8.2.1/../../../../arm-none-eabi/lib/thumb/v7e-m/nofp\libg_nano.a(lib_a-nano-freer.o)
 .ARM.attributes
                0x00000597       0x2e c:/program files (x86)/gnu tools arm embedded/8 2018-q4-major/bin/../lib/gcc/arm-none-eabi/8.2.1/../../../../arm-none-eabi/lib/thumb/v7e-m/nofp\libg_nano.a(lib_a-nano-mallocr.o)
 .ARM.attributes
                0x000005c5       0x2e c:/program files (x86)/gnu tools arm embedded/8 2018-q4-major/bin/../lib/gcc/arm-none-eabi/8.2.1/../../../../arm-none-eabi/lib/thumb/v7e-m/nofp\libg_nano.a(lib_a-nano-reallocr.o)
 .ARM.attributes
                0x000005f3       0x2e c:/program files (x86)/gnu tools arm embedded/8 2018-q4-major/bin/../lib/gcc/arm-none-eabi/8.2.1/../../../../arm-none-eabi/lib/thumb/v7e-m/nofp\libg_nano.a(lib_a-sbrkr.o)
 .ARM.attributes
                0x00000621       0x2e c:/program files (x86)/gnu tools arm embedded/8 2018-q4-major/bin/../lib/gcc/arm-none-eabi/8.2.1/../../../../arm-none-eabi/lib/thumb/v7e-m/nofp\libg_nano.a(lib_a-mlock.o)
 .ARM.attributes
                0x0000064f       0x2e c:/program files (x86)/gnu tools arm embedded/8 2018-q4-major/bin/../lib/gcc/arm-none-eabi/8.2.1/../../../../arm-none-eabi/lib/thumb/v7e-m/nofp\libg_nano.a(lib_a-nano-msizer.o)
 .ARM.attributes
                0x0000067d       0x2e c:/program files (x86)/gnu tools arm embedded/8 2018-q4-major/bin/../lib/gcc/arm-none-eabi/8.2.1/../../../../arm-none-eabi/lib/thumb/v7e-m/nofp\libg_nano.a(lib_a-lock.o)

.debug
 *(.debug)

.line
 *(.line)

.debug_srcinfo
 *(.debug_srcinfo)

.debug_sfnames
 *(.debug_sfnames)

.debug_aranges  0x00000000      0x8c8
 *(.debug_aranges)
 .debug_aranges
                0x00000000       0xc0 ./system/src/stm32f4-hal/stm32f4xx_hal.o
 .debug_aranges
                0x000000c0       0x98 ./system/src/stm32f4-hal/stm32f4xx_hal_cortex.o
 .debug_aranges
                0x00000158       0x58 ./system/src/stm32f4-hal/stm32f4xx_hal_gpio.o
 .debug_aranges
                0x000001b0      0x268 ./system/src/stm32f4-hal/stm32f4xx_hal_i2c.o
 .debug_aranges
                0x00000418       0x88 ./system/src/stm32f4-hal/stm32f4xx_hal_rcc.o
 .debug_aranges
                0x000004a0       0x28 ./system/src/newlib/_exit.o
 .debug_aranges
                0x000004c8       0x20 ./system/src/newlib/_sbrk.o
 .debug_aranges
                0x000004e8       0x40 ./system/src/newlib/_startup.o
 .debug_aranges
                0x00000528       0x30 ./system/src/newlib/_syscalls.o
 .debug_aranges
                0x00000558       0x28 ./system/src/newlib/assert.o
 .debug_aranges
                0x00000580       0x38 ./system/src/diag/Trace.o
 .debug_aranges
                0x000005b8       0x30 ./system/src/diag/trace_impl.o
 .debug_aranges
                0x000005e8       0x28 ./system/src/cortexm/_initialize_hardware.o
 .debug_aranges
                0x00000610       0x90 ./system/src/cortexm/exception_handlers.o
 .debug_aranges
                0x000006a0       0x28 ./system/src/cmsis/system_stm32f4xx.o
 .debug_aranges
                0x000006c8       0x20 ./system/src/cmsis/vectors_stm32f411xe.o
 .debug_aranges
                0x000006e8       0x28 ./src/Timer.o
 .debug_aranges
                0x00000710       0x28 ./src/_initialize_hardware.o
 .debug_aranges
                0x00000738       0xe8 ./src/gesture.o
 .debug_aranges
                0x00000820       0x40 ./src/i2c.o
 .debug_aranges
                0x00000860       0x30 ./src/main.o
 .debug_aranges
                0x00000890       0x38 ./src/stm32f4xx_hal_msp.o

.debug_pubnames
 *(.debug_pubnames)

.debug_info     0x00000000    0x1775b
 *(.debug_info .gnu.linkonce.wi.*)
 .debug_info    0x00000000     0x1192 ./system/src/stm32f4-hal/stm32f4xx_hal.o
 .debug_info    0x00001192     0x1aab ./system/src/stm32f4-hal/stm32f4xx_hal_cortex.o
 .debug_info    0x00002c3d     0x1205 ./system/src/stm32f4-hal/stm32f4xx_hal_gpio.o
 .debug_info    0x00003e42     0x415a ./system/src/stm32f4-hal/stm32f4xx_hal_i2c.o
 .debug_info    0x00007f9c     0x19d7 ./system/src/stm32f4-hal/stm32f4xx_hal_rcc.o
 .debug_info    0x00009973      0x9e7 ./system/src/newlib/_exit.o
 .debug_info    0x0000a35a      0x9d4 ./system/src/newlib/_sbrk.o
 .debug_info    0x0000ad2e      0x591 ./system/src/newlib/_startup.o
 .debug_info    0x0000b2bf      0xab9 ./system/src/newlib/_syscalls.o
 .debug_info    0x0000bd78      0xaaa ./system/src/newlib/assert.o
 .debug_info    0x0000c822      0xbdb ./system/src/diag/Trace.o
 .debug_info    0x0000d3fd      0xc46 ./system/src/diag/trace_impl.o
 .debug_info    0x0000e043      0xb7f ./system/src/cortexm/_initialize_hardware.o
 .debug_info    0x0000ebc2     0x1296 ./system/src/cortexm/exception_handlers.o
 .debug_info    0x0000fe58      0xdd9 ./system/src/cmsis/system_stm32f4xx.o
 .debug_info    0x00010c31       0xce ./system/src/cmsis/vectors_stm32f411xe.o
 .debug_info    0x00010cff      0xa7b ./src/Timer.o
 .debug_info    0x0001177a      0xe04 ./src/_initialize_hardware.o
 .debug_info    0x0001257e     0x150e ./src/gesture.o
 .debug_info    0x00013a8c     0x15db ./src/i2c.o
 .debug_info    0x00015067     0x1d5d ./src/main.o
 .debug_info    0x00016dc4      0x997 ./src/stm32f4xx_hal_msp.o

.debug_abbrev   0x00000000     0x3e17
 *(.debug_abbrev)
 .debug_abbrev  0x00000000      0x384 ./system/src/stm32f4-hal/stm32f4xx_hal.o
 .debug_abbrev  0x00000384      0x479 ./system/src/stm32f4-hal/stm32f4xx_hal_cortex.o
 .debug_abbrev  0x000007fd      0x32f ./system/src/stm32f4-hal/stm32f4xx_hal_gpio.o
 .debug_abbrev  0x00000b2c      0x346 ./system/src/stm32f4-hal/stm32f4xx_hal_i2c.o
 .debug_abbrev  0x00000e72      0x404 ./system/src/stm32f4-hal/stm32f4xx_hal_rcc.o
 .debug_abbrev  0x00001276      0x222 ./system/src/newlib/_exit.o
 .debug_abbrev  0x00001498      0x232 ./system/src/newlib/_sbrk.o
 .debug_abbrev  0x000016ca      0x203 ./system/src/newlib/_startup.o
 .debug_abbrev  0x000018cd      0x26d ./system/src/newlib/_syscalls.o
 .debug_abbrev  0x00001b3a      0x222 ./system/src/newlib/assert.o
 .debug_abbrev  0x00001d5c      0x2c6 ./system/src/diag/Trace.o
 .debug_abbrev  0x00002022      0x34e ./system/src/diag/trace_impl.o
 .debug_abbrev  0x00002370      0x20a ./system/src/cortexm/_initialize_hardware.o
 .debug_abbrev  0x0000257a      0x372 ./system/src/cortexm/exception_handlers.o
 .debug_abbrev  0x000028ec      0x250 ./system/src/cmsis/system_stm32f4xx.o
 .debug_abbrev  0x00002b3c       0xa5 ./system/src/cmsis/vectors_stm32f411xe.o
 .debug_abbrev  0x00002be1      0x30d ./src/Timer.o
 .debug_abbrev  0x00002eee      0x25d ./src/_initialize_hardware.o
 .debug_abbrev  0x0000314b      0x349 ./src/gesture.o
 .debug_abbrev  0x00003494      0x2e2 ./src/i2c.o
 .debug_abbrev  0x00003776      0x4c8 ./src/main.o
 .debug_abbrev  0x00003c3e      0x1d9 ./src/stm32f4xx_hal_msp.o

.debug_line     0x00000000    0x13271
 *(.debug_line)
 .debug_line    0x00000000      0xca7 ./system/src/stm32f4-hal/stm32f4xx_hal.o
 .debug_line    0x00000ca7      0xfdd ./system/src/stm32f4-hal/stm32f4xx_hal_cortex.o
 .debug_line    0x00001c84     0x1020 ./system/src/stm32f4-hal/stm32f4xx_hal_gpio.o
 .debug_line    0x00002ca4     0x523d ./system/src/stm32f4-hal/stm32f4xx_hal_i2c.o
 .debug_line    0x00007ee1     0x155a ./system/src/stm32f4-hal/stm32f4xx_hal_rcc.o
 .debug_line    0x0000943b      0x382 ./system/src/newlib/_exit.o
 .debug_line    0x000097bd      0x373 ./system/src/newlib/_sbrk.o
 .debug_line    0x00009b30      0x5ec ./system/src/newlib/_startup.o
 .debug_line    0x0000a11c      0x48a ./system/src/newlib/_syscalls.o
 .debug_line    0x0000a5a6      0x3c5 ./system/src/newlib/assert.o
 .debug_line    0x0000a96b      0x45e ./system/src/diag/Trace.o
 .debug_line    0x0000adc9      0xb5d ./system/src/diag/trace_impl.o
 .debug_line    0x0000b926      0xa59 ./system/src/cortexm/_initialize_hardware.o
 .debug_line    0x0000c37f      0xd3f ./system/src/cortexm/exception_handlers.o
 .debug_line    0x0000d0be      0xb1c ./system/src/cmsis/system_stm32f4xx.o
 .debug_line    0x0000dbda      0x118 ./system/src/cmsis/vectors_stm32f411xe.o
 .debug_line    0x0000dcf2      0xa98 ./src/Timer.o
 .debug_line    0x0000e78a      0xaba ./src/_initialize_hardware.o
 .debug_line    0x0000f244     0x19f6 ./src/gesture.o
 .debug_line    0x00010c3a      0xb8e ./src/i2c.o
 .debug_line    0x000117c8     0x105f ./src/main.o
 .debug_line    0x00012827      0xa4a ./src/stm32f4xx_hal_msp.o

.debug_frame    0x00000000     0x19d8
 *(.debug_frame)
 .debug_frame   0x00000000      0x188 ./system/src/stm32f4-hal/stm32f4xx_hal.o
 .debug_frame   0x00000188      0x17c ./system/src/stm32f4-hal/stm32f4xx_hal_cortex.o
 .debug_frame   0x00000304       0xfc ./system/src/stm32f4-hal/stm32f4xx_hal_gpio.o
 .debug_frame   0x00000400      0x874 ./system/src/stm32f4-hal/stm32f4xx_hal_i2c.o
 .debug_frame   0x00000c74      0x13c ./system/src/stm32f4-hal/stm32f4xx_hal_rcc.o
 .debug_frame   0x00000db0       0x38 ./system/src/newlib/_exit.o
 .debug_frame   0x00000de8       0x28 ./system/src/newlib/_sbrk.o
 .debug_frame   0x00000e10       0x7c ./system/src/newlib/_startup.o
 .debug_frame   0x00000e8c       0x50 ./system/src/newlib/_syscalls.o
 .debug_frame   0x00000edc       0x40 ./system/src/newlib/assert.o
 .debug_frame   0x00000f1c       0x94 ./system/src/diag/Trace.o
 .debug_frame   0x00000fb0       0x64 ./system/src/diag/trace_impl.o
 .debug_frame   0x00001014       0x40 ./system/src/cortexm/_initialize_hardware.o
 .debug_frame   0x00001054      0x158 ./system/src/cortexm/exception_handlers.o
 .debug_frame   0x000011ac       0x30 ./system/src/cmsis/system_stm32f4xx.o
 .debug_frame   0x000011dc       0x20 ./system/src/cmsis/vectors_stm32f411xe.o
 .debug_frame   0x000011fc       0x38 ./src/Timer.o
 .debug_frame   0x00001234       0x4c ./src/_initialize_hardware.o
 .debug_frame   0x00001280      0x294 ./src/gesture.o
 .debug_frame   0x00001514       0x9c ./src/i2c.o
 .debug_frame   0x000015b0       0x5c ./src/main.o
 .debug_frame   0x0000160c       0x50 ./src/stm32f4xx_hal_msp.o
 .debug_frame   0x0000165c       0x20 c:/program files (x86)/gnu tools arm embedded/8 2018-q4-major/bin/../lib/gcc/arm-none-eabi/8.2.1/../../../../arm-none-eabi/lib/thumb/v7e-m/nofp\libg_nano.a(lib_a-errno.o)
 .debug_frame   0x0000167c       0x4c c:/program files (x86)/gnu tools arm embedded/8 2018-q4-major/bin/../lib/gcc/arm-none-eabi/8.2.1/../../../../arm-none-eabi/lib/thumb/v7e-m/nofp\libg_nano.a(lib_a-vsnprintf.o)
 .debug_frame   0x000016c8       0x90 c:/program files (x86)/gnu tools arm embedded/8 2018-q4-major/bin/../lib/gcc/arm-none-eabi/8.2.1/../../../../arm-none-eabi/lib/thumb/v7e-m/nofp\libg_nano.a(lib_a-nano-svfprintf.o)
 .debug_frame   0x00001758       0x60 c:/program files (x86)/gnu tools arm embedded/8 2018-q4-major/bin/../lib/gcc/arm-none-eabi/8.2.1/../../../../arm-none-eabi/lib/thumb/v7e-m/nofp\libg_nano.a(lib_a-nano-vfprintf_i.o)
 .debug_frame   0x000017b8       0x28 c:/program files (x86)/gnu tools arm embedded/8 2018-q4-major/bin/../lib/gcc/arm-none-eabi/8.2.1/../../../../arm-none-eabi/lib/thumb/v7e-m/nofp\libg_nano.a(lib_a-memcpy-stub.o)
 .debug_frame   0x000017e0       0x28 c:/program files (x86)/gnu tools arm embedded/8 2018-q4-major/bin/../lib/gcc/arm-none-eabi/8.2.1/../../../../arm-none-eabi/lib/thumb/v7e-m/nofp\libg_nano.a(lib_a-memmove.o)
 .debug_frame   0x00001808       0x38 c:/program files (x86)/gnu tools arm embedded/8 2018-q4-major/bin/../lib/gcc/arm-none-eabi/8.2.1/../../../../arm-none-eabi/lib/thumb/v7e-m/nofp\libg_nano.a(lib_a-nano-freer.o)
 .debug_frame   0x00001840       0x30 c:/program files (x86)/gnu tools arm embedded/8 2018-q4-major/bin/../lib/gcc/arm-none-eabi/8.2.1/../../../../arm-none-eabi/lib/thumb/v7e-m/nofp\libg_nano.a(lib_a-nano-mallocr.o)
 .debug_frame   0x00001870       0x3c c:/program files (x86)/gnu tools arm embedded/8 2018-q4-major/bin/../lib/gcc/arm-none-eabi/8.2.1/../../../../arm-none-eabi/lib/thumb/v7e-m/nofp\libg_nano.a(lib_a-nano-reallocr.o)
 .debug_frame   0x000018ac       0x2c c:/program files (x86)/gnu tools arm embedded/8 2018-q4-major/bin/../lib/gcc/arm-none-eabi/8.2.1/../../../../arm-none-eabi/lib/thumb/v7e-m/nofp\libg_nano.a(lib_a-sbrkr.o)
 .debug_frame   0x000018d8       0x30 c:/program files (x86)/gnu tools arm embedded/8 2018-q4-major/bin/../lib/gcc/arm-none-eabi/8.2.1/../../../../arm-none-eabi/lib/thumb/v7e-m/nofp\libg_nano.a(lib_a-mlock.o)
 .debug_frame   0x00001908       0x20 c:/program files (x86)/gnu tools arm embedded/8 2018-q4-major/bin/../lib/gcc/arm-none-eabi/8.2.1/../../../../arm-none-eabi/lib/thumb/v7e-m/nofp\libg_nano.a(lib_a-nano-msizer.o)
 .debug_frame   0x00001928       0xb0 c:/program files (x86)/gnu tools arm embedded/8 2018-q4-major/bin/../lib/gcc/arm-none-eabi/8.2.1/../../../../arm-none-eabi/lib/thumb/v7e-m/nofp\libg_nano.a(lib_a-lock.o)

.debug_str      0x00000000    0x77a4a
 *(.debug_str)
 .debug_str     0x00000000    0x705c9 ./system/src/stm32f4-hal/stm32f4xx_hal.o
                              0x70a3f (size before relaxing)
 .debug_str     0x000705c9      0x384 ./system/src/stm32f4-hal/stm32f4xx_hal_cortex.o
                              0x708a9 (size before relaxing)
 .debug_str     0x0007094d      0x2ab ./system/src/stm32f4-hal/stm32f4xx_hal_gpio.o
                              0x70429 (size before relaxing)
 .debug_str     0x00070bf8      0xeb8 ./system/src/stm32f4-hal/stm32f4xx_hal_i2c.o
                              0x70fff (size before relaxing)
 .debug_str     0x00071ab0      0x37e ./system/src/stm32f4-hal/stm32f4xx_hal_rcc.o
                              0x705b7 (size before relaxing)
 .debug_str     0x00071e2e     0x10ff ./system/src/newlib/_exit.o
                               0x7e9c (size before relaxing)
 .debug_str     0x00072f2d      0x4ed ./system/src/newlib/_sbrk.o
                               0x724e (size before relaxing)
 .debug_str     0x0007341a      0x2c6 ./system/src/newlib/_startup.o
                               0x69ef (size before relaxing)
 .debug_str     0x000736e0      0xf90 ./system/src/newlib/_syscalls.o
                               0x823d (size before relaxing)
 .debug_str     0x00074670       0xd0 ./system/src/newlib/assert.o
                               0x89a1 (size before relaxing)
 .debug_str     0x00074740      0x176 ./system/src/diag/Trace.o
                               0x8614 (size before relaxing)
 .debug_str     0x000748b6      0x37b ./system/src/diag/trace_impl.o
                              0x71334 (size before relaxing)
 .debug_str     0x00074c31       0x5e ./system/src/cortexm/_initialize_hardware.o
                              0x700c6 (size before relaxing)
 .debug_str     0x00074c8f      0x19d ./system/src/cortexm/exception_handlers.o
                              0x714be (size before relaxing)
 .debug_str     0x00074e2c       0x46 ./system/src/cmsis/system_stm32f4xx.o
                              0x701a7 (size before relaxing)
 .debug_str     0x00074e72       0x59 ./system/src/cmsis/vectors_stm32f411xe.o
                               0x3936 (size before relaxing)
 .debug_str     0x00074ecb      0x70c ./src/Timer.o
                              0x703ac (size before relaxing)
 .debug_str     0x000755d7       0x31 ./src/_initialize_hardware.o
                              0x702bd (size before relaxing)
 .debug_str     0x00075608      0x828 ./src/gesture.o
                              0x70c15 (size before relaxing)
 .debug_str     0x00075e30      0x2b2 ./src/i2c.o
                              0x71d1a (size before relaxing)
 .debug_str     0x000760e2     0x192b ./src/main.o
                              0x733bf (size before relaxing)
 .debug_str     0x00077a0d       0x3d ./src/stm32f4xx_hal_msp.o
                              0x7000e (size before relaxing)

.debug_loc      0x00000000     0x66eb
 *(.debug_loc)
 .debug_loc     0x00000000       0xdb ./system/src/stm32f4-hal/stm32f4xx_hal.o
 .debug_loc     0x000000db      0x8cf ./system/src/stm32f4-hal/stm32f4xx_hal_cortex.o
 .debug_loc     0x000009aa      0x683 ./system/src/stm32f4-hal/stm32f4xx_hal_gpio.o
 .debug_loc     0x0000102d     0x3b0a ./system/src/stm32f4-hal/stm32f4xx_hal_i2c.o
 .debug_loc     0x00004b37      0x7a1 ./system/src/stm32f4-hal/stm32f4xx_hal_rcc.o
 .debug_loc     0x000052d8       0x15 ./system/src/newlib/_exit.o
 .debug_loc     0x000052ed       0x97 ./system/src/newlib/_sbrk.o
 .debug_loc     0x00005384      0x465 ./system/src/newlib/_startup.o
 .debug_loc     0x000057e9       0x6f ./system/src/newlib/_syscalls.o
 .debug_loc     0x00005858      0x160 ./system/src/newlib/assert.o
 .debug_loc     0x000059b8      0x118 ./system/src/diag/Trace.o
 .debug_loc     0x00005ad0      0x1a1 ./system/src/diag/trace_impl.o
 .debug_loc     0x00005c71      0x35c ./system/src/cortexm/exception_handlers.o
 .debug_loc     0x00005fcd      0x16c ./system/src/cmsis/system_stm32f4xx.o
 .debug_loc     0x00006139      0x470 ./src/gesture.o
 .debug_loc     0x000065a9       0xf8 ./src/i2c.o
 .debug_loc     0x000066a1       0x4a ./src/main.o

.debug_macinfo
 *(.debug_macinfo)

.debug_weaknames
 *(.debug_weaknames)

.debug_funcnames
 *(.debug_funcnames)

.debug_typenames
 *(.debug_typenames)

.debug_varnames
 *(.debug_varnames)
OUTPUT(stm32f411.elf elf32-littlearm)

.debug_ranges   0x00000000      0x840
 .debug_ranges  0x00000000       0xb0 ./system/src/stm32f4-hal/stm32f4xx_hal.o
 .debug_ranges  0x000000b0       0xe8 ./system/src/stm32f4-hal/stm32f4xx_hal_cortex.o
 .debug_ranges  0x00000198       0x48 ./system/src/stm32f4-hal/stm32f4xx_hal_gpio.o
 .debug_ranges  0x000001e0      0x258 ./system/src/stm32f4-hal/stm32f4xx_hal_i2c.o
 .debug_ranges  0x00000438       0x78 ./system/src/stm32f4-hal/stm32f4xx_hal_rcc.o
 .debug_ranges  0x000004b0       0x18 ./system/src/newlib/_exit.o
 .debug_ranges  0x000004c8       0x10 ./system/src/newlib/_sbrk.o
 .debug_ranges  0x000004d8       0x78 ./system/src/newlib/_startup.o
 .debug_ranges  0x00000550       0x20 ./system/src/newlib/_syscalls.o
 .debug_ranges  0x00000570       0x18 ./system/src/newlib/assert.o
 .debug_ranges  0x00000588       0x28 ./system/src/diag/Trace.o
 .debug_ranges  0x000005b0       0x38 ./system/src/diag/trace_impl.o
 .debug_ranges  0x000005e8       0x18 ./system/src/cortexm/_initialize_hardware.o
 .debug_ranges  0x00000600       0x98 ./system/src/cortexm/exception_handlers.o
 .debug_ranges  0x00000698       0x18 ./system/src/cmsis/system_stm32f4xx.o
 .debug_ranges  0x000006b0       0x10 ./system/src/cmsis/vectors_stm32f411xe.o
 .debug_ranges  0x000006c0       0x18 ./src/Timer.o
 .debug_ranges  0x000006d8       0x18 ./src/_initialize_hardware.o
 .debug_ranges  0x000006f0       0xd8 ./src/gesture.o
 .debug_ranges  0x000007c8       0x30 ./src/i2c.o
 .debug_ranges  0x000007f8       0x20 ./src/main.o
 .debug_ranges  0x00000818       0x28 ./src/stm32f4xx_hal_msp.o

.debug_macro    0x00000000    0x1700d
 .debug_macro   0x00000000      0x532 ./system/src/stm32f4-hal/stm32f4xx_hal.o
 .debug_macro   0x00000532      0xaa2 ./system/src/stm32f4-hal/stm32f4xx_hal.o
 .debug_macro   0x00000fd4      0x289 ./system/src/stm32f4-hal/stm32f4xx_hal.o
 .debug_macro   0x0000125d       0x31 ./system/src/stm32f4-hal/stm32f4xx_hal.o
 .debug_macro   0x0000128e       0x28 ./system/src/stm32f4-hal/stm32f4xx_hal.o
 .debug_macro   0x000012b6      0x34e ./system/src/stm32f4-hal/stm32f4xx_hal.o
 .debug_macro   0x00001604       0x35 ./system/src/stm32f4-hal/stm32f4xx_hal.o
 .debug_macro   0x00001639       0x50 ./system/src/stm32f4-hal/stm32f4xx_hal.o
 .debug_macro   0x00001689      0xe66 ./system/src/stm32f4-hal/stm32f4xx_hal.o
 .debug_macro   0x000024ef     0x5102 ./system/src/stm32f4-hal/stm32f4xx_hal.o
 .debug_macro   0x000075f1       0x43 ./system/src/stm32f4-hal/stm32f4xx_hal.o
 .debug_macro   0x00007634     0x347f ./system/src/stm32f4-hal/stm32f4xx_hal.o
 .debug_macro   0x0000aab3       0x22 ./system/src/stm32f4-hal/stm32f4xx_hal.o
 .debug_macro   0x0000aad5       0x58 ./system/src/stm32f4-hal/stm32f4xx_hal.o
 .debug_macro   0x0000ab2d       0x18 ./system/src/stm32f4-hal/stm32f4xx_hal.o
 .debug_macro   0x0000ab45       0x94 ./system/src/stm32f4-hal/stm32f4xx_hal.o
 .debug_macro   0x0000abd9       0x35 ./system/src/stm32f4-hal/stm32f4xx_hal.o
 .debug_macro   0x0000ac0e       0x34 ./system/src/stm32f4-hal/stm32f4xx_hal.o
 .debug_macro   0x0000ac42       0x16 ./system/src/stm32f4-hal/stm32f4xx_hal.o
 .debug_macro   0x0000ac58       0x57 ./system/src/stm32f4-hal/stm32f4xx_hal.o
 .debug_macro   0x0000acaf       0x97 ./system/src/stm32f4-hal/stm32f4xx_hal.o
 .debug_macro   0x0000ad46      0x339 ./system/src/stm32f4-hal/stm32f4xx_hal.o
 .debug_macro   0x0000b07f       0xfd ./system/src/stm32f4-hal/stm32f4xx_hal.o
 .debug_macro   0x0000b17c       0x10 ./system/src/stm32f4-hal/stm32f4xx_hal.o
 .debug_macro   0x0000b18c       0x58 ./system/src/stm32f4-hal/stm32f4xx_hal.o
 .debug_macro   0x0000b1e4       0x1f ./system/src/stm32f4-hal/stm32f4xx_hal.o
 .debug_macro   0x0000b203       0x43 ./system/src/stm32f4-hal/stm32f4xx_hal.o
 .debug_macro   0x0000b246       0x20 ./system/src/stm32f4-hal/stm32f4xx_hal.o
 .debug_macro   0x0000b266      0x18e ./system/src/stm32f4-hal/stm32f4xx_hal.o
 .debug_macro   0x0000b3f4       0x10 ./system/src/stm32f4-hal/stm32f4xx_hal.o
 .debug_macro   0x0000b404       0x6a ./system/src/stm32f4-hal/stm32f4xx_hal.o
 .debug_macro   0x0000b46e       0x1c ./system/src/stm32f4-hal/stm32f4xx_hal.o
 .debug_macro   0x0000b48a       0x52 ./system/src/stm32f4-hal/stm32f4xx_hal.o
 .debug_macro   0x0000b4dc       0x40 ./system/src/stm32f4-hal/stm32f4xx_hal.o
 .debug_macro   0x0000b51c       0x10 ./system/src/stm32f4-hal/stm32f4xx_hal.o
 .debug_macro   0x0000b52c       0x40 ./system/src/stm32f4-hal/stm32f4xx_hal.o
 .debug_macro   0x0000b56c       0xd7 ./system/src/stm32f4-hal/stm32f4xx_hal.o
 .debug_macro   0x0000b643       0x1c ./system/src/stm32f4-hal/stm32f4xx_hal.o
 .debug_macro   0x0000b65f       0x3d ./system/src/stm32f4-hal/stm32f4xx_hal.o
 .debug_macro   0x0000b69c       0x16 ./system/src/stm32f4-hal/stm32f4xx_hal.o
 .debug_macro   0x0000b6b2      0x16f ./system/src/stm32f4-hal/stm32f4xx_hal.o
 .debug_macro   0x0000b821       0x57 ./system/src/stm32f4-hal/stm32f4xx_hal.o
 .debug_macro   0x0000b878      0x45c ./system/src/stm32f4-hal/stm32f4xx_hal.o
 .debug_macro   0x0000bcd4      0x9e1 ./system/src/stm32f4-hal/stm32f4xx_hal.o
 .debug_macro   0x0000c6b5      0x11e ./system/src/stm32f4-hal/stm32f4xx_hal.o
 .debug_macro   0x0000c7d3      0x11b ./system/src/stm32f4-hal/stm32f4xx_hal.o
 .debug_macro   0x0000c8ee       0x27 ./system/src/stm32f4-hal/stm32f4xx_hal.o
 .debug_macro   0x0000c915      0x287 ./system/src/stm32f4-hal/stm32f4xx_hal.o
 .debug_macro   0x0000cb9c       0x5f ./system/src/stm32f4-hal/stm32f4xx_hal.o
 .debug_macro   0x0000cbfb      0x23a ./system/src/stm32f4-hal/stm32f4xx_hal.o
 .debug_macro   0x0000ce35      0x391 ./system/src/stm32f4-hal/stm32f4xx_hal.o
 .debug_macro   0x0000d1c6      0x176 ./system/src/stm32f4-hal/stm32f4xx_hal.o
 .debug_macro   0x0000d33c       0xf9 ./system/src/stm32f4-hal/stm32f4xx_hal.o
 .debug_macro   0x0000d435       0x23 ./system/src/stm32f4-hal/stm32f4xx_hal.o
 .debug_macro   0x0000d458      0x13a ./system/src/stm32f4-hal/stm32f4xx_hal.o
 .debug_macro   0x0000d592      0x264 ./system/src/stm32f4-hal/stm32f4xx_hal.o
 .debug_macro   0x0000d7f6       0x2e ./system/src/stm32f4-hal/stm32f4xx_hal.o
 .debug_macro   0x0000d824      0x1a7 ./system/src/stm32f4-hal/stm32f4xx_hal.o
 .debug_macro   0x0000d9cb       0x22 ./system/src/stm32f4-hal/stm32f4xx_hal.o
 .debug_macro   0x0000d9ed       0xa5 ./system/src/stm32f4-hal/stm32f4xx_hal.o
 .debug_macro   0x0000da92      0x18b ./system/src/stm32f4-hal/stm32f4xx_hal.o
 .debug_macro   0x0000dc1d       0x24 ./system/src/stm32f4-hal/stm32f4xx_hal.o
 .debug_macro   0x0000dc41       0x35 ./system/src/stm32f4-hal/stm32f4xx_hal.o
 .debug_macro   0x0000dc76       0x79 ./system/src/stm32f4-hal/stm32f4xx_hal.o
 .debug_macro   0x0000dcef      0x11e ./system/src/stm32f4-hal/stm32f4xx_hal.o
 .debug_macro   0x0000de0d       0x85 ./system/src/stm32f4-hal/stm32f4xx_hal.o
 .debug_macro   0x0000de92       0x89 ./system/src/stm32f4-hal/stm32f4xx_hal.o
 .debug_macro   0x0000df1b      0x31a ./system/src/stm32f4-hal/stm32f4xx_hal.o
 .debug_macro   0x0000e235      0x409 ./system/src/stm32f4-hal/stm32f4xx_hal.o
 .debug_macro   0x0000e63e       0xe4 ./system/src/stm32f4-hal/stm32f4xx_hal.o
 .debug_macro   0x0000e722      0x48d ./system/src/stm32f4-hal/stm32f4xx_hal.o
 .debug_macro   0x0000ebaf      0x22b ./system/src/stm32f4-hal/stm32f4xx_hal.o
 .debug_macro   0x0000edda      0x202 ./system/src/stm32f4-hal/stm32f4xx_hal.o
 .debug_macro   0x0000efdc      0x6d9 ./system/src/stm32f4-hal/stm32f4xx_hal.o
 .debug_macro   0x0000f6b5       0x5b ./system/src/stm32f4-hal/stm32f4xx_hal.o
 .debug_macro   0x0000f710      0x14d ./system/src/stm32f4-hal/stm32f4xx_hal.o
 .debug_macro   0x0000f85d      0x287 ./system/src/stm32f4-hal/stm32f4xx_hal.o
 .debug_macro   0x0000fae4      0x225 ./system/src/stm32f4-hal/stm32f4xx_hal.o
 .debug_macro   0x0000fd09      0x1b5 ./system/src/stm32f4-hal/stm32f4xx_hal.o
 .debug_macro   0x0000febe      0x2db ./system/src/stm32f4-hal/stm32f4xx_hal.o
 .debug_macro   0x00010199       0x89 ./system/src/stm32f4-hal/stm32f4xx_hal.o
 .debug_macro   0x00010222      0x1df ./system/src/stm32f4-hal/stm32f4xx_hal.o
 .debug_macro   0x00010401      0x115 ./system/src/stm32f4-hal/stm32f4xx_hal.o
 .debug_macro   0x00010516       0x6e ./system/src/stm32f4-hal/stm32f4xx_hal.o
 .debug_macro   0x00010584      0x11e ./system/src/stm32f4-hal/stm32f4xx_hal.o
 .debug_macro   0x000106a2      0x4e4 ./system/src/stm32f4-hal/stm32f4xx_hal_cortex.o
 .debug_macro   0x00010b86      0x51c ./system/src/stm32f4-hal/stm32f4xx_hal_gpio.o
 .debug_macro   0x000110a2      0x52b ./system/src/stm32f4-hal/stm32f4xx_hal_i2c.o
 .debug_macro   0x000115cd      0x50e ./system/src/stm32f4-hal/stm32f4xx_hal_rcc.o
 .debug_macro   0x00011adb      0x1b4 ./system/src/newlib/_exit.o
 .debug_macro   0x00011c8f      0x10e ./system/src/newlib/_exit.o
 .debug_macro   0x00011d9d       0x8d ./system/src/newlib/_exit.o
 .debug_macro   0x00011e2a       0x35 ./system/src/newlib/_exit.o
 .debug_macro   0x00011e5f      0x169 ./system/src/newlib/_sbrk.o
 .debug_macro   0x00011fc8      0x174 ./system/src/newlib/_sbrk.o
 .debug_macro   0x0001213c       0x10 ./system/src/newlib/_sbrk.o
 .debug_macro   0x0001214c      0x23b ./system/src/newlib/_sbrk.o
 .debug_macro   0x00012387      0x173 ./system/src/newlib/_startup.o
 .debug_macro   0x000124fa      0xaa8 ./system/src/newlib/_startup.o
 .debug_macro   0x00012fa2      0x226 ./system/src/newlib/_syscalls.o
 .debug_macro   0x000131c8       0x1c ./system/src/newlib/_syscalls.o
 .debug_macro   0x000131e4       0x10 ./system/src/newlib/_syscalls.o
 .debug_macro   0x000131f4       0x10 ./system/src/newlib/_syscalls.o
 .debug_macro   0x00013204       0x10 ./system/src/newlib/_syscalls.o
 .debug_macro   0x00013214       0x35 ./system/src/newlib/_syscalls.o
 .debug_macro   0x00013249      0x122 ./system/src/newlib/_syscalls.o
 .debug_macro   0x0001336b       0x88 ./system/src/newlib/_syscalls.o
 .debug_macro   0x000133f3       0x7c ./system/src/newlib/_syscalls.o
 .debug_macro   0x0001346f       0x17 ./system/src/newlib/_syscalls.o
 .debug_macro   0x00013486      0x118 ./system/src/newlib/_syscalls.o
 .debug_macro   0x0001359e      0x189 ./system/src/newlib/_syscalls.o
 .debug_macro   0x00013727       0x16 ./system/src/newlib/_syscalls.o
 .debug_macro   0x0001373d      0x1d0 ./system/src/newlib/assert.o
 .debug_macro   0x0001390d       0x1c ./system/src/newlib/assert.o
 .debug_macro   0x00013929      0x1fb ./system/src/diag/Trace.o
 .debug_macro   0x00013b24       0x4c ./system/src/diag/Trace.o
 .debug_macro   0x00013b70       0x16 ./system/src/diag/Trace.o
 .debug_macro   0x00013b86      0x52a ./system/src/diag/trace_impl.o
 .debug_macro   0x000140b0       0x22 ./system/src/diag/trace_impl.o
 .debug_macro   0x000140d2      0x4ee ./system/src/cortexm/_initialize_hardware.o
 .debug_macro   0x000145c0      0x557 ./system/src/cortexm/exception_handlers.o
 .debug_macro   0x00014b17       0x3b ./system/src/cortexm/exception_handlers.o
 .debug_macro   0x00014b52      0x4ea ./system/src/cmsis/system_stm32f4xx.o
 .debug_macro   0x0001503c       0x34 ./system/src/cmsis/vectors_stm32f411xe.o
 .debug_macro   0x00015070      0x501 ./src/Timer.o
 .debug_macro   0x00015571       0x10 ./src/Timer.o
 .debug_macro   0x00015581      0x4e4 ./src/_initialize_hardware.o
 .debug_macro   0x00015a65      0x4f5 ./src/gesture.o
 .debug_macro   0x00015f5a       0xbe ./src/gesture.o
 .debug_macro   0x00016018      0x557 ./src/i2c.o
 .debug_macro   0x0001656f      0x5ba ./src/main.o
 .debug_macro   0x00016b29      0x4e4 ./src/stm32f4xx_hal_msp.o
