Archive member included to satisfy reference by file (symbol)

c:/program files (x86)/gnu tools arm embedded/7 2018-q2-update/bin/../lib/gcc/arm-none-eabi/7.3.1/../../../../arm-none-eabi/lib/thumb/v7e-m\libstdc++_nano.a(del_op.o)
                              ./src/cGest.o (operator delete(void*))
c:/program files (x86)/gnu tools arm embedded/7 2018-q2-update/bin/../lib/gcc/arm-none-eabi/7.3.1/../../../../arm-none-eabi/lib/thumb/v7e-m\libg_nano.a(lib_a-errno.o)
                              ./system/src/newlib/_sbrk.o (__errno)
c:/program files (x86)/gnu tools arm embedded/7 2018-q2-update/bin/../lib/gcc/arm-none-eabi/7.3.1/../../../../arm-none-eabi/lib/thumb/v7e-m\libg_nano.a(lib_a-impure.o)
                              c:/program files (x86)/gnu tools arm embedded/7 2018-q2-update/bin/../lib/gcc/arm-none-eabi/7.3.1/../../../../arm-none-eabi/lib/thumb/v7e-m\libg_nano.a(lib_a-errno.o) (_impure_ptr)
c:/program files (x86)/gnu tools arm embedded/7 2018-q2-update/bin/../lib/gcc/arm-none-eabi/7.3.1/../../../../arm-none-eabi/lib/thumb/v7e-m\libg_nano.a(lib_a-malloc.o)
                              c:/program files (x86)/gnu tools arm embedded/7 2018-q2-update/bin/../lib/gcc/arm-none-eabi/7.3.1/../../../../arm-none-eabi/lib/thumb/v7e-m\libstdc++_nano.a(del_op.o) (free)
c:/program files (x86)/gnu tools arm embedded/7 2018-q2-update/bin/../lib/gcc/arm-none-eabi/7.3.1/../../../../arm-none-eabi/lib/thumb/v7e-m\libg_nano.a(lib_a-memset.o)
                              ./src/cUart.o (memset)
c:/program files (x86)/gnu tools arm embedded/7 2018-q2-update/bin/../lib/gcc/arm-none-eabi/7.3.1/../../../../arm-none-eabi/lib/thumb/v7e-m\libg_nano.a(lib_a-nano-freer.o)
                              c:/program files (x86)/gnu tools arm embedded/7 2018-q2-update/bin/../lib/gcc/arm-none-eabi/7.3.1/../../../../arm-none-eabi/lib/thumb/v7e-m\libg_nano.a(lib_a-malloc.o) (_free_r)
c:/program files (x86)/gnu tools arm embedded/7 2018-q2-update/bin/../lib/gcc/arm-none-eabi/7.3.1/../../../../arm-none-eabi/lib/thumb/v7e-m\libg_nano.a(lib_a-nano-mallocr.o)
                              c:/program files (x86)/gnu tools arm embedded/7 2018-q2-update/bin/../lib/gcc/arm-none-eabi/7.3.1/../../../../arm-none-eabi/lib/thumb/v7e-m\libg_nano.a(lib_a-malloc.o) (_malloc_r)
c:/program files (x86)/gnu tools arm embedded/7 2018-q2-update/bin/../lib/gcc/arm-none-eabi/7.3.1/../../../../arm-none-eabi/lib/thumb/v7e-m\libg_nano.a(lib_a-sbrkr.o)
                              c:/program files (x86)/gnu tools arm embedded/7 2018-q2-update/bin/../lib/gcc/arm-none-eabi/7.3.1/../../../../arm-none-eabi/lib/thumb/v7e-m\libg_nano.a(lib_a-nano-mallocr.o) (_sbrk_r)
c:/program files (x86)/gnu tools arm embedded/7 2018-q2-update/bin/../lib/gcc/arm-none-eabi/7.3.1/../../../../arm-none-eabi/lib/thumb/v7e-m\libg_nano.a(lib_a-strlen.o)
                              ./system/src/diag/Trace.o (strlen)
c:/program files (x86)/gnu tools arm embedded/7 2018-q2-update/bin/../lib/gcc/arm-none-eabi/7.3.1/../../../../arm-none-eabi/lib/thumb/v7e-m\libg_nano.a(lib_a-vsnprintf.o)
                              ./system/src/diag/Trace.o (vsnprintf)
c:/program files (x86)/gnu tools arm embedded/7 2018-q2-update/bin/../lib/gcc/arm-none-eabi/7.3.1/../../../../arm-none-eabi/lib/thumb/v7e-m\libg_nano.a(lib_a-mlock.o)
                              c:/program files (x86)/gnu tools arm embedded/7 2018-q2-update/bin/../lib/gcc/arm-none-eabi/7.3.1/../../../../arm-none-eabi/lib/thumb/v7e-m\libg_nano.a(lib_a-nano-freer.o) (__malloc_lock)
c:/program files (x86)/gnu tools arm embedded/7 2018-q2-update/bin/../lib/gcc/arm-none-eabi/7.3.1/../../../../arm-none-eabi/lib/thumb/v7e-m\libg_nano.a(lib_a-nano-svfprintf.o)
                              c:/program files (x86)/gnu tools arm embedded/7 2018-q2-update/bin/../lib/gcc/arm-none-eabi/7.3.1/../../../../arm-none-eabi/lib/thumb/v7e-m\libg_nano.a(lib_a-vsnprintf.o) (_svfprintf_r)
c:/program files (x86)/gnu tools arm embedded/7 2018-q2-update/bin/../lib/gcc/arm-none-eabi/7.3.1/../../../../arm-none-eabi/lib/thumb/v7e-m\libg_nano.a(lib_a-nano-vfprintf_i.o)
                              c:/program files (x86)/gnu tools arm embedded/7 2018-q2-update/bin/../lib/gcc/arm-none-eabi/7.3.1/../../../../arm-none-eabi/lib/thumb/v7e-m\libg_nano.a(lib_a-nano-svfprintf.o) (_printf_i)
c:/program files (x86)/gnu tools arm embedded/7 2018-q2-update/bin/../lib/gcc/arm-none-eabi/7.3.1/../../../../arm-none-eabi/lib/thumb/v7e-m\libg_nano.a(lib_a-memchr.o)
                              c:/program files (x86)/gnu tools arm embedded/7 2018-q2-update/bin/../lib/gcc/arm-none-eabi/7.3.1/../../../../arm-none-eabi/lib/thumb/v7e-m\libg_nano.a(lib_a-nano-svfprintf.o) (memchr)
c:/program files (x86)/gnu tools arm embedded/7 2018-q2-update/bin/../lib/gcc/arm-none-eabi/7.3.1/../../../../arm-none-eabi/lib/thumb/v7e-m\libg_nano.a(lib_a-memcpy-stub.o)
[...]
Memory Configuration

Name             Origin             Length             Attributes
RAM              0x20000000         0x00020000         xrw
CCMRAM           0x10000000         0x00010000         xrw
FLASH            0x08000000         0x00080000         xr
FLASHB1          0x00000000         0x00000000         xr
EXTMEMB0         0x00000000         0x00000000         xr
EXTMEMB1         0x00000000         0x00000000         xr
EXTMEMB2         0x00000000         0x00000000         xr
EXTMEMB3         0x00000000         0x00000000         xr
MEMORY_ARRAY     0x20002000         0x00000020         xrw
*default*        0x00000000         0xffffffff

Linker script and memory map

LOAD ./system/src/stm32f4-hal/stm32f4xx_hal.o
LOAD ./system/src/stm32f4-hal/stm32f4xx_hal_cortex.o
LOAD ./system/src/stm32f4-hal/stm32f4xx_hal_dfsdm.o
LOAD ./system/src/stm32f4-hal/stm32f4xx_hal_flash.o
LOAD ./system/src/stm32f4-hal/stm32f4xx_hal_gpio.o
LOAD ./system/src/stm32f4-hal/stm32f4xx_hal_i2c.o
LOAD ./system/src/stm32f4-hal/stm32f4xx_hal_iwdg.o
LOAD ./system/src/stm32f4-hal/stm32f4xx_hal_pwr.o
LOAD ./system/src/stm32f4-hal/stm32f4xx_hal_rcc.o
LOAD ./system/src/stm32f4-hal/stm32f4xx_hal_uart.o
LOAD ./system/src/newlib/_cxx.o
LOAD ./system/src/newlib/_exit.o
LOAD ./system/src/newlib/_sbrk.o
LOAD ./system/src/newlib/_startup.o
LOAD ./system/src/newlib/_syscalls.o
LOAD ./system/src/newlib/assert.o
LOAD ./system/src/diag/Trace.o
LOAD ./system/src/diag/trace_impl.o
LOAD ./system/src/cortexm/_initialize_hardware.o
LOAD ./system/src/cortexm/_reset_hardware.o
LOAD ./system/src/cortexm/exception_handlers.o
LOAD ./system/src/cmsis/system_stm32f4xx.o
LOAD ./system/src/cmsis/vectors_stm32f411xe.o
LOAD ./src/BlinkLed.o
LOAD ./src/Timer.o
LOAD ./src/_initialize_hardware.o
LOAD ./src/_write.o
LOAD ./src/cGest.o
LOAD ./src/cUart.o
LOAD ./src/ci2c.o
LOAD ./src/gesture.o
LOAD ./src/i2c.o
LOAD ./src/main.o
LOAD ./src/stm32f4xx_hal_msp.o
LOAD ./src/uart.o
LOAD c:/program files (x86)/gnu tools arm embedded/7 2018-q2-update/bin/../lib/gcc/arm-none-eabi/7.3.1/../../../../arm-none-eabi/lib/thumb/v7e-m\libstdc++_nano.a
LOAD c:/program files (x86)/gnu tools arm embedded/7 2018-q2-update/bin/../lib/gcc/arm-none-eabi/7.3.1/../../../../arm-none-eabi/lib/thumb/v7e-m\libm.a
START GROUP
LOAD c:/program files (x86)/gnu tools arm embedded/7 2018-q2-update/bin/../lib/gcc/arm-none-eabi/7.3.1/thumb/v7e-m\libgcc.a
LOAD c:/program files (x86)/gnu tools arm embedded/7 2018-q2-update/bin/../lib/gcc/arm-none-eabi/7.3.1/../../../../arm-none-eabi/lib/thumb/v7e-m\libg_nano.a
LOAD c:/program files (x86)/gnu tools arm embedded/7 2018-q2-update/bin/../lib/gcc/arm-none-eabi/7.3.1/../../../../arm-none-eabi/lib/thumb/v7e-m\libc_nano.a
END GROUP
START GROUP
LOAD c:/program files (x86)/gnu tools arm embedded/7 2018-q2-update/bin/../lib/gcc/arm-none-eabi/7.3.1/thumb/v7e-m\libgcc.a
LOAD c:/program files (x86)/gnu tools arm embedded/7 2018-q2-update/bin/../lib/gcc/arm-none-eabi/7.3.1/../../../../arm-none-eabi/lib/thumb/v7e-m\libc_nano.a
END GROUP
                0x20020000                __stack = (ORIGIN (RAM) + LENGTH (RAM))
                0x20020000                _estack = __stack
                0x00000400                __Main_Stack_Size = 0x400
                [!provide]                PROVIDE (_Main_Stack_Size = __Main_Stack_Size)
                0x2001fc00                __Main_Stack_Limit = (__stack - __Main_Stack_Size)
                [!provide]                PROVIDE (_Main_Stack_Limit = __Main_Stack_Limit)
                0x00000100                _Minimum_Stack_Size = 0x100
                0x20000358                PROVIDE (_Heap_Begin = _end_noinit)
                0x2001fc00                PROVIDE (_Heap_Limit = (__stack - __Main_Stack_Size))

.isr_vector     0x08000000      0x3f8
 FILL mask 0xff
                0x08000000                __vectors_start = ABSOLUTE (.)
                0x08000000                __vectors_start__ = ABSOLUTE (.)
 *(.isr_vector)
 .isr_vector    0x08000000      0x198 ./system/src/cmsis/vectors_stm32f411xe.o
                0x08000000                __isr_vectors
 *(.cfmconfig)
 *(.after_vectors .after_vectors.*)
 .after_vectors
                0x08000198      0x130 ./system/src/newlib/_startup.o
                0x08000198                _start
 .after_vectors
                0x080002c8      0x12c ./system/src/cortexm/exception_handlers.o
                0x080002c8                Reset_Handler
                0x080002ce                NMI_Handler
                0x080002d2                HardFault_Handler
                0x080002e6                HardFault_Handler_C
                0x08000344                MemManage_Handler
                0x08000348                BusFault_Handler
                0x0800035c                BusFault_Handler_C
                0x08000390                UsageFault_Handler
                0x080003a4                UsageFault_Handler_C
                0x080003d8                SVC_Handler
                0x080003dc                DebugMon_Handler
                0x080003e0                PendSV_Handler
 .after_vectors
                0x080003f4        0x4 ./system/src/cmsis/vectors_stm32f411xe.o
                0x080003f4                RTC_Alarm_IRQHandler
                0x080003f4                EXTI2_IRQHandler
                0x080003f4                SPI4_IRQHandler
                0x080003f4                TIM1_CC_IRQHandler
                0x080003f4                DMA2_Stream5_IRQHandler
                0x080003f4                DMA1_Stream5_IRQHandler
                0x080003f4                PVD_IRQHandler
                0x080003f4                SDIO_IRQHandler
                0x080003f4                TAMP_STAMP_IRQHandler
                0x080003f4                EXTI3_IRQHandler
                0x080003f4                TIM1_UP_TIM10_IRQHandler
                0x080003f4                I2C3_ER_IRQHandler
                0x080003f4                EXTI0_IRQHandler
                0x080003f4                I2C2_EV_IRQHandler
                0x080003f4                DMA1_Stream2_IRQHandler
                0x080003f4                FPU_IRQHandler
                0x080003f4                DMA2_Stream2_IRQHandler
                0x080003f4                SPI1_IRQHandler
                0x080003f4                TIM1_BRK_TIM9_IRQHandler
                0x080003f4                DMA2_Stream3_IRQHandler
                0x080003f4                USART6_IRQHandler
                0x080003f4                DMA2_Stream0_IRQHandler
                0x080003f4                TIM4_IRQHandler
                0x080003f4                I2C1_EV_IRQHandler
                0x080003f4                DMA1_Stream6_IRQHandler
                0x080003f4                DMA1_Stream1_IRQHandler
                0x080003f4                TIM3_IRQHandler
                0x080003f4                RCC_IRQHandler
                0x080003f4                Default_Handler
                0x080003f4                EXTI15_10_IRQHandler
                0x080003f4                ADC_IRQHandler
                0x080003f4                DMA1_Stream7_IRQHandler
                0x080003f4                SPI5_IRQHandler
                0x080003f4                TIM5_IRQHandler
                0x080003f4                DMA2_Stream7_IRQHandler
                0x080003f4                I2C3_EV_IRQHandler
                0x080003f4                EXTI9_5_IRQHandler
                0x080003f4                RTC_WKUP_IRQHandler
                0x080003f4                SPI2_IRQHandler
                0x080003f4                DMA1_Stream0_IRQHandler
                0x080003f4                EXTI4_IRQHandler
                0x080003f4                WWDG_IRQHandler
                0x080003f4                TIM2_IRQHandler
                0x080003f4                OTG_FS_WKUP_IRQHandler
                0x080003f4                TIM1_TRG_COM_TIM11_IRQHandler
                0x080003f4                EXTI1_IRQHandler
                0x080003f4                USART2_IRQHandler
                0x080003f4                I2C2_ER_IRQHandler
                0x080003f4                DMA2_Stream1_IRQHandler
                0x080003f4                FLASH_IRQHandler
                0x080003f4                DMA2_Stream4_IRQHandler
                0x080003f4                USART1_IRQHandler
                0x080003f4                OTG_FS_IRQHandler
                0x080003f4                SPI3_IRQHandler
                0x080003f4                DMA1_Stream4_IRQHandler
                0x080003f4                I2C1_ER_IRQHandler
                0x080003f4                DMA2_Stream6_IRQHandler
                0x080003f4                DMA1_Stream3_IRQHandler

.inits          0x080003f8       0x30
                0x080003f8                __data_regions_array_start = .
                0x080003f8        0x4 LONG 0x8003604 LOADADDR (.data)
                0x080003fc        0x4 LONG 0x20000000 ADDR (.data)
                0x08000400        0x4 LONG 0x20000078 (ADDR (.data) + SIZEOF (.data))
                0x08000404        0x4 LONG 0x8003604 LOADADDR (.data_CCMRAM)
                0x08000408        0x4 LONG 0x10000000 ADDR (.data_CCMRAM)
                0x0800040c        0x4 LONG 0x10000000 (ADDR (.data_CCMRAM) + SIZEOF (.data_CCMRAM))
                0x08000410                __data_regions_array_end = .
                0x08000410                __bss_regions_array_start = .
                0x08000410        0x4 LONG 0x20000078 ADDR (.bss)
                0x08000414        0x4 LONG 0x20000358 (ADDR (.bss) + SIZEOF (.bss))
                0x08000418        0x4 LONG 0x10000000 ADDR (.bss_CCMRAM)
                0x0800041c        0x4 LONG 0x10000000 (ADDR (.bss_CCMRAM) + SIZEOF (.bss_CCMRAM))
                0x08000420                __bss_regions_array_end = .
 *(.init)
 *(.fini)
                0x08000420                . = ALIGN (0x4)
                0x08000420                PROVIDE (__preinit_array_start = .)
 *(.preinit_array_sysinit .preinit_array_sysinit.*)
 *(.preinit_array_platform .preinit_array_platform.*)
 *(.preinit_array .preinit_array.*)
                0x08000420                PROVIDE (__preinit_array_end = .)
                0x08000420                . = ALIGN (0x4)
                0x08000420                PROVIDE (__init_array_start = .)
 *(SORT_BY_NAME(.init_array.*))
 *(.init_array)
 .init_array    0x08000420        0x4 ./src/main.o
                0x08000424                PROVIDE (__init_array_end = .)
                0x08000424                . = ALIGN (0x4)
                0x08000424                PROVIDE (__fini_array_start = .)
 *(SORT_BY_NAME(.fini_array.*))
 *(.fini_array)
 .fini_array    0x08000424        0x4 ./src/main.o
                0x08000428                PROVIDE (__fini_array_end = .)

.flashtext
 *(.flashtext .flashtext.*)

.text           0x08000430     0x31d3
 *(.text .text.*)
 .text.HAL_InitTick
                0x08000430       0x2c ./system/src/stm32f4-hal/stm32f4xx_hal.o
                0x08000430                HAL_InitTick
 .text.HAL_Init
                0x0800045c       0x34 ./system/src/stm32f4-hal/stm32f4xx_hal.o
                0x0800045c                HAL_Init
 .text.HAL_IncTick
                0x08000490       0x10 ./system/src/stm32f4-hal/stm32f4xx_hal.o
                0x08000490                HAL_IncTick
 .text.HAL_GetTick
                0x080004a0        0xc ./system/src/stm32f4-hal/stm32f4xx_hal.o
                0x080004a0                HAL_GetTick
 .text.HAL_Delay
                0x080004ac       0x1c ./system/src/stm32f4-hal/stm32f4xx_hal.o
                0x080004ac                HAL_Delay
 .text.HAL_NVIC_SetPriorityGrouping
                0x080004c8       0x3c ./system/src/stm32f4-hal/stm32f4xx_hal_cortex.o
                0x080004c8                HAL_NVIC_SetPriorityGrouping
 .text.HAL_NVIC_SetPriority
                0x08000504       0x8c ./system/src/stm32f4-hal/stm32f4xx_hal_cortex.o
                0x08000504                HAL_NVIC_SetPriority
 .text.HAL_SYSTICK_Config
                0x08000590       0x2c ./system/src/stm32f4-hal/stm32f4xx_hal_cortex.o
                0x08000590                HAL_SYSTICK_Config
 .text.HAL_SYSTICK_CLKSourceConfig
                0x080005bc       0x3c ./system/src/stm32f4-hal/stm32f4xx_hal_cortex.o
                0x080005bc                HAL_SYSTICK_CLKSourceConfig
 .text.HAL_GPIO_Init
                0x080005f8      0x2ac ./system/src/stm32f4-hal/stm32f4xx_hal_gpio.o
                0x080005f8                HAL_GPIO_Init
 .text.HAL_GPIO_WritePin
                0x080008a4       0x38 ./system/src/stm32f4-hal/stm32f4xx_hal_gpio.o
                0x080008a4                HAL_GPIO_WritePin
 .text.I2C_IsAcknowledgeFailed
                0x080008dc       0x2a ./system/src/stm32f4-hal/stm32f4xx_hal_i2c.o
 .text.I2C_WaitOnFlagUntilTimeout
                0x08000906       0x64 ./system/src/stm32f4-hal/stm32f4xx_hal_i2c.o
 .text.I2C_WaitOnMasterAddressFlagUntilTimeout
                0x0800096a       0x90 ./system/src/stm32f4-hal/stm32f4xx_hal_i2c.o
 *fill*         0x080009fa        0x2 
 .text.I2C_MasterRequestWrite
                0x080009fc       0xbc ./system/src/stm32f4-hal/stm32f4xx_hal_i2c.o
 .text.I2C_MasterRequestRead
                0x08000ab8      0x12c ./system/src/stm32f4-hal/stm32f4xx_hal_i2c.o
 .text.I2C_WaitOnTXEFlagUntilTimeout
                0x08000be4       0x4e ./system/src/stm32f4-hal/stm32f4xx_hal_i2c.o
 .text.I2C_WaitOnBTFFlagUntilTimeout
                0x08000c32       0x4e ./system/src/stm32f4-hal/stm32f4xx_hal_i2c.o
 .text.I2C_WaitOnRXNEFlagUntilTimeout
                0x08000c80       0x5c ./system/src/stm32f4-hal/stm32f4xx_hal_i2c.o
 .text.HAL_I2C_Init
                0x08000cdc      0x1f8 ./system/src/stm32f4-hal/stm32f4xx_hal_i2c.o
                0x08000cdc                HAL_I2C_Init
 .text.HAL_I2C_Master_Transmit
                0x08000ed4      0x158 ./system/src/stm32f4-hal/stm32f4xx_hal_i2c.o
                0x08000ed4                HAL_I2C_Master_Transmit
 .text.HAL_I2C_Master_Receive
                0x0800102c      0x264 ./system/src/stm32f4-hal/stm32f4xx_hal_i2c.o
                0x0800102c                HAL_I2C_Master_Receive
 .text.HAL_RCC_OscConfig
                0x08001290      0x43c ./system/src/stm32f4-hal/stm32f4xx_hal_rcc.o
                0x08001290                HAL_RCC_OscConfig
 .text.HAL_RCC_GetSysClockFreq
                0x080016cc       0x94 ./system/src/stm32f4-hal/stm32f4xx_hal_rcc.o
                0x080016cc                HAL_RCC_GetSysClockFreq
 .text.HAL_RCC_ClockConfig
                0x08001760      0x258 ./system/src/stm32f4-hal/stm32f4xx_hal_rcc.o
                0x08001760                HAL_RCC_ClockConfig
 .text.HAL_RCC_GetHCLKFreq
                0x080019b8        0xc ./system/src/stm32f4-hal/stm32f4xx_hal_rcc.o
                0x080019b8                HAL_RCC_GetHCLKFreq
 .text.HAL_RCC_GetPCLK1Freq
                0x080019c4       0x2c ./system/src/stm32f4-hal/stm32f4xx_hal_rcc.o
                0x080019c4                HAL_RCC_GetPCLK1Freq
 .text.HAL_RCC_GetPCLK2Freq
                0x080019f0       0x2c ./system/src/stm32f4-hal/stm32f4xx_hal_rcc.o
                0x080019f0                HAL_RCC_GetPCLK2Freq
 .text.UART_SetConfig
                0x08001a1c      0x3a0 ./system/src/stm32f4-hal/stm32f4xx_hal_uart.o
 .text.UART_WaitOnFlagUntilTimeout
                0x08001dbc       0x62 ./system/src/stm32f4-hal/stm32f4xx_hal_uart.o
 .text.HAL_UART_MspInit
                0x08001e1e        0x2 ./system/src/stm32f4-hal/stm32f4xx_hal_uart.o
                0x08001e1e                HAL_UART_MspInit
 .text.HAL_UART_Init
                0x08001e20       0xfc ./system/src/stm32f4-hal/stm32f4xx_hal_uart.o
                0x08001e20                HAL_UART_Init
 .text.HAL_UART_Transmit
                0x08001f1c       0xda ./system/src/stm32f4-hal/stm32f4xx_hal_uart.o
                0x08001f1c                HAL_UART_Transmit
 .text._exit    0x08001ff6        0x2 ./system/src/newlib/_exit.o
                0x08001ff6                _exit
 .text.abort    0x08001ff8       0x14 ./system/src/newlib/_exit.o
                0x08001ff8                abort
 .text._sbrk    0x0800200c       0x44 ./system/src/newlib/_sbrk.o
                0x0800200c                _sbrk
 .text.__initialize_args
                0x08002050       0x10 ./system/src/newlib/_syscalls.o
                0x08002050                __initialize_args
 .text.assert_failed
                0x08002060       0x14 ./system/src/newlib/assert.o
                0x08002060                assert_failed
 .text.trace_printf
                0x08002074       0x30 ./system/src/diag/Trace.o
                0x08002074                trace_printf
 .text.trace_puts
                0x080020a4       0x20 ./system/src/diag/Trace.o
                0x080020a4                trace_puts
 .text._trace_write_semihosting_debug
                0x080020c4       0x60 ./system/src/diag/trace_impl.o
 .text.trace_write
                0x08002124        0x8 ./system/src/diag/trace_impl.o
                0x08002124                trace_write
 .text.__initialize_hardware_early
                0x0800212c       0x18 ./system/src/cortexm/_initialize_hardware.o
                0x0800212c                __initialize_hardware_early
 .text.dumpExceptionStack
                0x08002144       0xf4 ./system/src/cortexm/exception_handlers.o
                0x08002144                dumpExceptionStack
 .text.isSemihosting
                0x08002238       0x20 ./system/src/cortexm/exception_handlers.o
                0x08002238                isSemihosting
 .text.SystemInit
                0x08002258       0x40 ./system/src/cmsis/system_stm32f4xx.o
                0x08002258                SystemInit
 .text.SystemCoreClockUpdate
                0x08002298       0xa0 ./system/src/cmsis/system_stm32f4xx.o
                0x08002298                SystemCoreClockUpdate
 .text.SysTick_Handler
                0x08002338       0x1c ./src/Timer.o
                0x08002338                SysTick_Handler
 .text.SystemClock_Config
                0x08002354       0x98 ./src/_initialize_hardware.o
                0x08002354                SystemClock_Config
 .text.__initialize_hardware
                0x080023ec       0x10 ./src/_initialize_hardware.o
                0x080023ec                __initialize_hardware
 .text._ZN5cGestC2Ev
                0x080023fc       0x28 ./src/cGest.o
                0x080023fc                cGest::cGest()
                0x080023fc                cGest::cGest()
 .text._ZN5cGest9setRSTpinEh
                0x08002424       0x28 ./src/cGest.o
                0x08002424                cGest::setRSTpin(unsigned char)
 .text._ZN5cGest10readRDYpinEv
                0x0800244c       0x10 ./src/cGest.o
                0x0800244c                cGest::readRDYpin()
 .text._ZN5cGest11GestIC_ReadEc
                0x0800245c       0x10 ./src/cGest.o
                0x0800245c                cGest::GestIC_Read(char)
 .text._ZN5cGest12GestIC_WriteEh
                0x0800246c       0x10 ./src/cGest.o
                0x0800246c                cGest::GestIC_Write(unsigned char)
 .text._ZN5cGest9getFWInfoEv
                0x0800247c       0xb0 ./src/cGest.o
                0x0800247c                cGest::getFWInfo()
 .text._ZN5cGest5startEv
                0x0800252c       0x40 ./src/cGest.o
                0x0800252c                cGest::start()
 .text._ZN5cGestD2Ev
                0x0800256c       0x20 ./src/cGest.o
                0x0800256c                cGest::~cGest()
                0x0800256c                cGest::~cGest()
 .text._ZN5cGestD0Ev
                0x0800258c       0x12 ./src/cGest.o
                0x0800258c                cGest::~cGest()
 .text._ZN5cUartD2Ev
                0x0800259e        0x2 ./src/cUart.o
                0x0800259e                cUart::~cUart()
                0x0800259e                cUart::~cUart()
 .text._ZN5cUartD0Ev
                0x080025a0        0xc ./src/cUart.o
                0x080025a0                cUart::~cUart()
 .text._ZN5cUartC2Ev
                0x080025ac        0xc ./src/cUart.o
                0x080025ac                cUart::cUart()
                0x080025ac                cUart::cUart()
 .text._ZN5cUart4initEv
                0x080025b8       0xb8 ./src/cUart.o
                0x080025b8                cUart::init()
 .text._ZN5cUart4sendEPhh
                0x08002670       0x24 ./src/cUart.o
                0x08002670                cUart::send(unsigned char*, unsigned char)
 .text._ZN4ci2cD2Ev
                0x08002694        0x2 ./src/ci2c.o
                0x08002694                ci2c::~ci2c()
                0x08002694                ci2c::~ci2c()
 .text._ZN4ci2cD0Ev
                0x08002696        0xc ./src/ci2c.o
                0x08002696                ci2c::~ci2c()
 *fill*         0x080026a2        0x2 
 .text._ZN4ci2cC2Ev
                0x080026a4        0xc ./src/ci2c.o
                0x080026a4                ci2c::ci2c()
                0x080026a4                ci2c::ci2c()
 .text._ZN4ci2c4initEh
                0x080026b0       0x70 ./src/ci2c.o
                0x080026b0                ci2c::init(unsigned char)
 .text._ZN4ci2c8readDataEPhh
                0x08002720       0x1e ./src/ci2c.o
                0x08002720                ci2c::readData(unsigned char*, unsigned char)
 .text._ZN4ci2c9writeDataEPhh
                0x0800273e       0x1e ./src/ci2c.o
                0x0800273e                ci2c::writeData(unsigned char*, unsigned char)
 .text._Z16setRDYPinToInputv
                0x0800275c       0x24 ./src/gesture.o
                0x0800275c                setRDYPinToInput()
 .text._Z17setRSTPinToOutputv
                0x08002780       0x24 ./src/gesture.o
                0x08002780                setRSTPinToOutput()
 .text._Z9setRSTpinh
                0x080027a4       0x28 ./src/gesture.o
                0x080027a4                setRSTpin(unsigned char)
 .text.HAL_I2C_MspInit
                0x080027cc       0x68 ./src/i2c.o
                0x080027cc                HAL_I2C_MspInit
 .text._Z8initPinsv
                0x08002834       0x5c ./src/main.o
                0x08002834                initPins()
 .text.main     0x08002890       0x5c ./src/main.o
                0x08002890                main
 .text._Z41__static_initialization_and_destruction_0ii
                0x080028ec       0x44 ./src/main.o
 .text._GLOBAL__sub_I_touch_evt
                0x08002930        0xe ./src/main.o
 .text._GLOBAL__sub_D_touch_evt
                0x0800293e        0xe ./src/main.o
 .text.HAL_MspInit
                0x0800294c        0x2 ./src/stm32f4xx_hal_msp.o
                0x0800294c                HAL_MspInit
 .text._ZdlPv   0x0800294e        0x4 c:/program files (x86)/gnu tools arm embedded/7 2018-q2-update/bin/../lib/gcc/arm-none-eabi/7.3.1/../../../../arm-none-eabi/lib/thumb/v7e-m\libstdc++_nano.a(del_op.o)
                0x0800294e                operator delete(void*)
 *fill*         0x08002952        0x2 
 .text.__errno  0x08002954        0xc c:/program files (x86)/gnu tools arm embedded/7 2018-q2-update/bin/../lib/gcc/arm-none-eabi/7.3.1/../../../../arm-none-eabi/lib/thumb/v7e-m\libg_nano.a(lib_a-errno.o)
                0x08002954                __errno
 .text.free     0x08002960       0x10 c:/program files (x86)/gnu tools arm embedded/7 2018-q2-update/bin/../lib/gcc/arm-none-eabi/7.3.1/../../../../arm-none-eabi/lib/thumb/v7e-m\libg_nano.a(lib_a-malloc.o)
                0x08002960                free
 .text.memset   0x08002970       0x10 c:/program files (x86)/gnu tools arm embedded/7 2018-q2-update/bin/../lib/gcc/arm-none-eabi/7.3.1/../../../../arm-none-eabi/lib/thumb/v7e-m\libg_nano.a(lib_a-memset.o)
                0x08002970                memset
 .text._free_r  0x08002980       0x9c c:/program files (x86)/gnu tools arm embedded/7 2018-q2-update/bin/../lib/gcc/arm-none-eabi/7.3.1/../../../../arm-none-eabi/lib/thumb/v7e-m\libg_nano.a(lib_a-nano-freer.o)
                0x08002980                _free_r
 .text._malloc_r
                0x08002a1c       0xb4 c:/program files (x86)/gnu tools arm embedded/7 2018-q2-update/bin/../lib/gcc/arm-none-eabi/7.3.1/../../../../arm-none-eabi/lib/thumb/v7e-m\libg_nano.a(lib_a-nano-mallocr.o)
                0x08002a1c                _malloc_r
 .text._sbrk_r  0x08002ad0       0x20 c:/program files (x86)/gnu tools arm embedded/7 2018-q2-update/bin/../lib/gcc/arm-none-eabi/7.3.1/../../../../arm-none-eabi/lib/thumb/v7e-m\libg_nano.a(lib_a-sbrkr.o)
                0x08002ad0                _sbrk_r
 .text          0x08002af0       0x10 c:/program files (x86)/gnu tools arm embedded/7 2018-q2-update/bin/../lib/gcc/arm-none-eabi/7.3.1/../../../../arm-none-eabi/lib/thumb/v7e-m\libg_nano.a(lib_a-strlen.o)
                0x08002af0                strlen
 .text._vsnprintf_r
                0x08002b00       0x58 c:/program files (x86)/gnu tools arm embedded/7 2018-q2-update/bin/../lib/gcc/arm-none-eabi/7.3.1/../../../../arm-none-eabi/lib/thumb/v7e-m\libg_nano.a(lib_a-vsnprintf.o)
                0x08002b00                _vsniprintf_r
                0x08002b00                _vsnprintf_r
 .text.vsnprintf
                0x08002b58       0x1c c:/program files (x86)/gnu tools arm embedded/7 2018-q2-update/bin/../lib/gcc/arm-none-eabi/7.3.1/../../../../arm-none-eabi/lib/thumb/v7e-m\libg_nano.a(lib_a-vsnprintf.o)
                0x08002b58                vsniprintf
                0x08002b58                vsnprintf
 .text.__malloc_lock
                0x08002b74        0x2 c:/program files (x86)/gnu tools arm embedded/7 2018-q2-update/bin/../lib/gcc/arm-none-eabi/7.3.1/../../../../arm-none-eabi/lib/thumb/v7e-m\libg_nano.a(lib_a-mlock.o)
                0x08002b74                __malloc_lock
 .text.__malloc_unlock
                0x08002b76        0x2 c:/program files (x86)/gnu tools arm embedded/7 2018-q2-update/bin/../lib/gcc/arm-none-eabi/7.3.1/../../../../arm-none-eabi/lib/thumb/v7e-m\libg_nano.a(lib_a-mlock.o)
                0x08002b76                __malloc_unlock
 .text.__ssputs_r
                0x08002b78       0xb4 c:/program files (x86)/gnu tools arm embedded/7 2018-q2-update/bin/../lib/gcc/arm-none-eabi/7.3.1/../../../../arm-none-eabi/lib/thumb/v7e-m\libg_nano.a(lib_a-nano-svfprintf.o)
                0x08002b78                __ssputs_r
 .text._svfprintf_r
                0x08002c2c      0x1f0 c:/program files (x86)/gnu tools arm embedded/7 2018-q2-update/bin/../lib/gcc/arm-none-eabi/7.3.1/../../../../arm-none-eabi/lib/thumb/v7e-m\libg_nano.a(lib_a-nano-svfprintf.o)
                0x08002c2c                _svfiprintf_r
                0x08002c2c                _svfprintf_r
 .text._printf_common
                0x08002e1c       0xea c:/program files (x86)/gnu tools arm embedded/7 2018-q2-update/bin/../lib/gcc/arm-none-eabi/7.3.1/../../../../arm-none-eabi/lib/thumb/v7e-m\libg_nano.a(lib_a-nano-vfprintf_i.o)
                0x08002e1c                _printf_common
 *fill*         0x08002f06        0x2 
 .text._printf_i
                0x08002f08      0x224 c:/program files (x86)/gnu tools arm embedded/7 2018-q2-update/bin/../lib/gcc/arm-none-eabi/7.3.1/../../../../arm-none-eabi/lib/thumb/v7e-m\libg_nano.a(lib_a-nano-vfprintf_i.o)
                0x08002f08                _printf_i
 *fill*         0x0800312c        0x4 
 .text          0x08003130       0xa0 c:/program files (x86)/gnu tools arm embedded/7 2018-q2-update/bin/../lib/gcc/arm-none-eabi/7.3.1/../../../../arm-none-eabi/lib/thumb/v7e-m\libg_nano.a(lib_a-memchr.o)
                0x08003130                memchr
 .text.memcpy   0x080031d0       0x16 c:/program files (x86)/gnu tools arm embedded/7 2018-q2-update/bin/../lib/gcc/arm-none-eabi/7.3.1/../../../../arm-none-eabi/lib/thumb/v7e-m\libg_nano.a(lib_a-memcpy-stub.o)
                0x080031d0                memcpy
 .text.memmove  0x080031e6       0x32 c:/program files (x86)/gnu tools arm embedded/7 2018-q2-update/bin/../lib/gcc/arm-none-eabi/7.3.1/../../../../arm-none-eabi/lib/thumb/v7e-m\libg_nano.a(lib_a-memmove.o)
                0x080031e6                memmove
 .text._realloc_r
                0x08003218       0x4c c:/program files (x86)/gnu tools arm embedded/7 2018-q2-update/bin/../lib/gcc/arm-none-eabi/7.3.1/../../../../arm-none-eabi/lib/thumb/v7e-m\libg_nano.a(lib_a-nano-reallocr.o)
                0x08003218                _realloc_r
 .text._malloc_usable_size_r
                0x08003264       0x10 c:/program files (x86)/gnu tools arm embedded/7 2018-q2-update/bin/../lib/gcc/arm-none-eabi/7.3.1/../../../../arm-none-eabi/lib/thumb/v7e-m\libg_nano.a(lib_a-nano-msizer.o)
                0x08003264                _malloc_usable_size_r
 *(.rodata .rodata.* .constdata .constdata.*)
 .rodata.HAL_NVIC_SetPriorityGrouping.str1.4
                0x08003274       0x31 ./system/src/stm32f4-hal/stm32f4xx_hal_cortex.o
 *fill*         0x080032a5        0x3 
 .rodata.HAL_GPIO_Init.str1.4
                0x080032a8       0x2f ./system/src/stm32f4-hal/stm32f4xx_hal_gpio.o
 *fill*         0x080032d7        0x1 
 .rodata.HAL_I2C_Init.str1.4
                0x080032d8       0x2e ./system/src/stm32f4-hal/stm32f4xx_hal_i2c.o
 *fill*         0x08003306        0x2 
 .rodata.APBAHBPrescTable
                0x08003308       0x10 ./system/src/stm32f4-hal/stm32f4xx_hal_rcc.o
                0x08003308                APBAHBPrescTable
 .rodata.HAL_RCC_OscConfig.str1.4
                0x08003318       0x2e ./system/src/stm32f4-hal/stm32f4xx_hal_rcc.o
 *fill*         0x08003346        0x2 
 .rodata.UART_SetConfig.str1.4
                0x08003348       0x2f ./system/src/stm32f4-hal/stm32f4xx_hal_uart.o
 *fill*         0x08003377        0x1 
 .rodata.abort.str1.4
                0x08003378       0x14 ./system/src/newlib/_exit.o
 .rodata.assert_failed.str1.4
                0x0800338c       0x2b ./system/src/newlib/assert.o
 .rodata.trace_puts.str1.4
                0x080033b7       0x2b ./system/src/diag/Trace.o
                                  0x2 (size before relaxing)
 *fill*         0x080033b7        0x1 
 .rodata.dumpExceptionStack.str1.4
                0x080033b8      0x11a ./system/src/cortexm/exception_handlers.o
 *fill*         0x080034d2        0x2 
 .rodata.str1.4
                0x080034d4       0x2a ./system/src/cortexm/exception_handlers.o
 *fill*         0x080034fe        0x2 
 .rodata.AHBPrescTable
                0x08003500       0x10 ./system/src/cmsis/system_stm32f4xx.o
                0x08003500                AHBPrescTable
 .rodata._ZN5cGest5startEv.str1.4
                0x08003510       0x26 ./src/cGest.o
 *fill*         0x08003536        0x2 
 .rodata._ZTV5cGest
                0x08003538       0x10 ./src/cGest.o
                0x08003538                vtable for cGest
 .rodata._ZN5cUart4initEv.str1.4
                0x08003548       0x32 ./src/cUart.o
 *fill*         0x0800357a        0x2 
 .rodata._ZTV5cUart
                0x0800357c       0x10 ./src/cUart.o
                0x0800357c                vtable for cUart
 .rodata._ZN4ci2c4initEh.str1.4
                0x0800358c       0x20 ./src/ci2c.o
 .rodata._ZTV4ci2c
                0x080035ac       0x10 ./src/ci2c.o
                0x080035ac                vtable for ci2c
 .rodata.main.str1.4
                0x080035bc       0x14 ./src/main.o
                                 0x12 (size before relaxing)
 .rodata._svfprintf_r.str1.1
                0x080035d0       0x11 c:/program files (x86)/gnu tools arm embedded/7 2018-q2-update/bin/../lib/gcc/arm-none-eabi/7.3.1/../../../../arm-none-eabi/lib/thumb/v7e-m\libg_nano.a(lib_a-nano-svfprintf.o)
 .rodata._printf_i.str1.1
                0x080035e1       0x22 c:/program files (x86)/gnu tools arm embedded/7 2018-q2-update/bin/../lib/gcc/arm-none-eabi/7.3.1/../../../../arm-none-eabi/lib/thumb/v7e-m\libg_nano.a(lib_a-nano-vfprintf_i.o)
 *(vtable)
 *(.eh_frame*)
 *(.glue_7)
 .glue_7        0x08003603        0x0 linker stubs
 *(.glue_7t)
 .glue_7t       0x08003603        0x0 linker stubs

.vfp11_veneer   0x08003604        0x0
 .vfp11_veneer  0x08003604        0x0 linker stubs

.v4_bx          0x08003604        0x0
 .v4_bx         0x08003604        0x0 linker stubs

.iplt           0x08003604        0x0
 .iplt          0x08003604        0x0 ./system/src/stm32f4-hal/stm32f4xx_hal.o

.rel.dyn        0x08003604        0x0
 .rel.iplt      0x08003604        0x0 ./system/src/stm32f4-hal/stm32f4xx_hal.o

.ARM.extab
 *(.ARM.extab* .gnu.linkonce.armextab.*)
                0x08003604                . = ALIGN (0x4)
                0x08003604                __exidx_start = .

.ARM.exidx
 *(.ARM.exidx* .gnu.linkonce.armexidx.*)
                0x08003604                __exidx_end = .
                0x08003604                . = ALIGN (0x4)
                0x08003604                _etext = .
                0x08003604                __etext = .

.data_CCMRAM    0x10000000        0x0 load address 0x08003604
 FILL mask 0xff
 *(.data.CCMRAM .data.CCMRAM.*)
                0x10000000                . = ALIGN (0x4)
                0x08003604                _sidata = LOADADDR (.data)

.data           0x20000000       0x78 load address 0x08003604
 FILL mask 0xff
                0x20000000                _sdata = .
                0x20000000                __data_start__ = .
 *(.data_begin .data_begin.*)
 .data_begin    0x20000000        0x4 ./system/src/newlib/_startup.o
 *(.data .data.*)
 .data.argv.4310
                0x20000004        0x8 ./system/src/newlib/_syscalls.o
 .data.SystemCoreClock
                0x2000000c        0x4 ./system/src/cmsis/system_stm32f4xx.o
                0x2000000c                SystemCoreClock
 .data._impure_ptr
                0x20000010        0x4 c:/program files (x86)/gnu tools arm embedded/7 2018-q2-update/bin/../lib/gcc/arm-none-eabi/7.3.1/../../../../arm-none-eabi/lib/thumb/v7e-m\libg_nano.a(lib_a-impure.o)
                0x20000010                _impure_ptr
 .data.impure_data
                0x20000014       0x60 c:/program files (x86)/gnu tools arm embedded/7 2018-q2-update/bin/../lib/gcc/arm-none-eabi/7.3.1/../../../../arm-none-eabi/lib/thumb/v7e-m\libg_nano.a(lib_a-impure.o)
 *(.data_end .data_end.*)
 .data_end      0x20000074        0x4 ./system/src/newlib/_startup.o
                0x20000078                . = ALIGN (0x4)
                0x20000078                _edata = .
                0x20000078                __data_end__ = .

.igot.plt       0x20000078        0x0 load address 0x0800367c
 .igot.plt      0x20000078        0x0 ./system/src/stm32f4-hal/stm32f4xx_hal.o

.bss_CCMRAM     0x10000000        0x0
 *(.bss.CCMRAM .bss.CCMRAM.*)

.bss            0x20000078      0x2e0
                0x20000078                __bss_start__ = .
                0x20000078                _sbss = .
 *(.bss_begin .bss_begin.*)
 .bss_begin     0x20000078        0x4 ./system/src/newlib/_startup.o
 *(.bss .bss.*)
 .bss.current_heap_end.3961
                0x2000007c        0x4 ./system/src/newlib/_sbrk.o
 .bss.name.4309
                0x20000080        0x1 ./system/src/newlib/_syscalls.o
 *fill*         0x20000081        0x3 
 .bss.buf.5205  0x20000084       0x80 ./system/src/diag/Trace.o
 .bss._ZN5Timer13ms_delayCountE
                0x20000104        0x4 ./src/Timer.o
                0x20000104                Timer::ms_delayCount
 .bss.cg        0x20000108      0x1f8 ./src/main.o
                0x20000108                cg
 .bss.cu        0x20000300       0x44 ./src/main.o
                0x20000300                cu
 .bss.__malloc_free_list
                0x20000344        0x4 c:/program files (x86)/gnu tools arm embedded/7 2018-q2-update/bin/../lib/gcc/arm-none-eabi/7.3.1/../../../../arm-none-eabi/lib/thumb/v7e-m\libg_nano.a(lib_a-nano-mallocr.o)
                0x20000344                __malloc_free_list
 .bss.__malloc_sbrk_start
                0x20000348        0x4 c:/program files (x86)/gnu tools arm embedded/7 2018-q2-update/bin/../lib/gcc/arm-none-eabi/7.3.1/../../../../arm-none-eabi/lib/thumb/v7e-m\libg_nano.a(lib_a-nano-mallocr.o)
                0x20000348                __malloc_sbrk_start
 *(COMMON)
 COMMON         0x2000034c        0x4 ./system/src/stm32f4-hal/stm32f4xx_hal.o
                0x2000034c                uwTick
 COMMON         0x20000350        0x4 ./system/src/newlib/_syscalls.o
                0x20000350                errno
 *(.bss_end .bss_end.*)
 .bss_end       0x20000354        0x4 ./system/src/newlib/_startup.o
                0x20000358                . = ALIGN (0x4)
                0x20000358                __bss_end__ = .
                0x20000358                _ebss = .

.noinit_CCMRAM
 *(.noinit.CCMRAM .noinit.CCMRAM.*)

.noinit         0x20000358        0x0
                0x20000358                _noinit = .
 *(.noinit .noinit.*)
                0x20000358                . = ALIGN (0x4)
                0x20000358                _end_noinit = .
                [!provide]                PROVIDE (end = _end_noinit)
                [!provide]                PROVIDE (_end = _end_noinit)
                [!provide]                PROVIDE (__end = _end_noinit)
                [!provide]                PROVIDE (__end__ = _end_noinit)

._check_stack   0x20000358      0x100
                0x20000458                . = (. + _Minimum_Stack_Size)
 *fill*         0x20000358      0x100 

.b1text
 *(.b1text)
 *(.b1rodata)
 *(.b1rodata.*)

.eb0text
 *(.eb0text)
 *(.eb0rodata)
 *(.eb0rodata.*)

.eb1text
 *(.eb1text)
 *(.eb1rodata)
 *(.eb1rodata.*)

.eb2text
 *(.eb2text)
 *(.eb2rodata)
 *(.eb2rodata.*)

.eb3text
 *(.eb3text)
 *(.eb3rodata)
 *(.eb3rodata.*)

.stab
 *(.stab)

.stabstr
 *(.stabstr)

.stab.excl
 *(.stab.excl)

.stab.exclstr
 *(.stab.exclstr)

.stab.index
 *(.stab.index)

.stab.indexstr
 *(.stab.indexstr)

.comment        0x00000000       0x7f
 *(.comment)
 .comment       0x00000000       0x7f ./system/src/stm32f4-hal/stm32f4xx_hal.o
                                 0x80 (size before relaxing)
 .comment       0x0000007f       0x80 ./system/src/stm32f4-hal/stm32f4xx_hal_cortex.o
 .comment       0x0000007f       0x80 ./system/src/stm32f4-hal/stm32f4xx_hal_gpio.o
 .comment       0x0000007f       0x80 ./system/src/stm32f4-hal/stm32f4xx_hal_i2c.o
 .comment       0x0000007f       0x80 ./system/src/stm32f4-hal/stm32f4xx_hal_rcc.o
 .comment       0x0000007f       0x80 ./system/src/stm32f4-hal/stm32f4xx_hal_uart.o
 .comment       0x0000007f       0x80 ./system/src/newlib/_exit.o
 .comment       0x0000007f       0x80 ./system/src/newlib/_sbrk.o
 .comment       0x0000007f       0x80 ./system/src/newlib/_startup.o
 .comment       0x0000007f       0x80 ./system/src/newlib/_syscalls.o
 .comment       0x0000007f       0x80 ./system/src/newlib/assert.o
 .comment       0x0000007f       0x80 ./system/src/diag/Trace.o
 .comment       0x0000007f       0x80 ./system/src/diag/trace_impl.o
 .comment       0x0000007f       0x80 ./system/src/cortexm/_initialize_hardware.o
 .comment       0x0000007f       0x80 ./system/src/cortexm/exception_handlers.o
 .comment       0x0000007f       0x80 ./system/src/cmsis/system_stm32f4xx.o
 .comment       0x0000007f       0x80 ./system/src/cmsis/vectors_stm32f411xe.o
 .comment       0x0000007f       0x80 ./src/Timer.o
 .comment       0x0000007f       0x80 ./src/_initialize_hardware.o
 .comment       0x0000007f       0x80 ./src/cGest.o
 .comment       0x0000007f       0x80 ./src/cUart.o
 .comment       0x0000007f       0x80 ./src/ci2c.o
 .comment       0x0000007f       0x80 ./src/gesture.o
 .comment       0x0000007f       0x80 ./src/i2c.o
 .comment       0x0000007f       0x80 ./src/main.o
 .comment       0x0000007f       0x80 ./src/stm32f4xx_hal_msp.o

.ARM.attributes
                0x00000000       0x31
 .ARM.attributes
                0x00000000       0x33 ./system/src/stm32f4-hal/stm32f4xx_hal.o
 .ARM.attributes
                0x00000033       0x33 ./system/src/stm32f4-hal/stm32f4xx_hal_cortex.o
 .ARM.attributes
                0x00000066       0x33 ./system/src/stm32f4-hal/stm32f4xx_hal_gpio.o
 .ARM.attributes
                0x00000099       0x33 ./system/src/stm32f4-hal/stm32f4xx_hal_i2c.o
 .ARM.attributes
                0x000000cc       0x33 ./system/src/stm32f4-hal/stm32f4xx_hal_rcc.o
 .ARM.attributes
                0x000000ff       0x33 ./system/src/stm32f4-hal/stm32f4xx_hal_uart.o
 .ARM.attributes
                0x00000132       0x33 ./system/src/newlib/_exit.o
 .ARM.attributes
                0x00000165       0x33 ./system/src/newlib/_sbrk.o
 .ARM.attributes
                0x00000198       0x33 ./system/src/newlib/_startup.o
 .ARM.attributes
                0x000001cb       0x33 ./system/src/newlib/_syscalls.o
 .ARM.attributes
                0x000001fe       0x33 ./system/src/newlib/assert.o
 .ARM.attributes
                0x00000231       0x33 ./system/src/diag/Trace.o
 .ARM.attributes
                0x00000264       0x33 ./system/src/diag/trace_impl.o
 .ARM.attributes
                0x00000297       0x33 ./system/src/cortexm/_initialize_hardware.o
 .ARM.attributes
                0x000002ca       0x33 ./system/src/cortexm/exception_handlers.o
 .ARM.attributes
                0x000002fd       0x33 ./system/src/cmsis/system_stm32f4xx.o
 .ARM.attributes
                0x00000330       0x33 ./system/src/cmsis/vectors_stm32f411xe.o
 .ARM.attributes
                0x00000363       0x33 ./src/Timer.o
 .ARM.attributes
                0x00000396       0x33 ./src/_initialize_hardware.o
 .ARM.attributes
                0x000003c9       0x33 ./src/cGest.o
 .ARM.attributes
                0x000003fc       0x33 ./src/cUart.o
 .ARM.attributes
                0x0000042f       0x33 ./src/ci2c.o
 .ARM.attributes
                0x00000462       0x33 ./src/gesture.o
 .ARM.attributes
                0x00000495       0x33 ./src/i2c.o
 .ARM.attributes
                0x000004c8       0x33 ./src/main.o
 .ARM.attributes
                0x000004fb       0x33 ./src/stm32f4xx_hal_msp.o
 .ARM.attributes
                0x0000052e       0x2e c:/program files (x86)/gnu tools arm embedded/7 2018-q2-update/bin/../lib/gcc/arm-none-eabi/7.3.1/../../../../arm-none-eabi/lib/thumb/v7e-m\libstdc++_nano.a(del_op.o)
 .ARM.attributes
                0x0000055c       0x2e c:/program files (x86)/gnu tools arm embedded/7 2018-q2-update/bin/../lib/gcc/arm-none-eabi/7.3.1/../../../../arm-none-eabi/lib/thumb/v7e-m\libg_nano.a(lib_a-errno.o)
 .ARM.attributes
                0x0000058a       0x2e c:/program files (x86)/gnu tools arm embedded/7 2018-q2-update/bin/../lib/gcc/arm-none-eabi/7.3.1/../../../../arm-none-eabi/lib/thumb/v7e-m\libg_nano.a(lib_a-impure.o)
 .ARM.attributes
                0x000005b8       0x2e c:/program files (x86)/gnu tools arm embedded/7 2018-q2-update/bin/../lib/gcc/arm-none-eabi/7.3.1/../../../../arm-none-eabi/lib/thumb/v7e-m\libg_nano.a(lib_a-malloc.o)
 .ARM.attributes
                0x000005e6       0x2e c:/program files (x86)/gnu tools arm embedded/7 2018-q2-update/bin/../lib/gcc/arm-none-eabi/7.3.1/../../../../arm-none-eabi/lib/thumb/v7e-m\libg_nano.a(lib_a-memset.o)
 .ARM.attributes
                0x00000614       0x2e c:/program files (x86)/gnu tools arm embedded/7 2018-q2-update/bin/../lib/gcc/arm-none-eabi/7.3.1/../../../../arm-none-eabi/lib/thumb/v7e-m\libg_nano.a(lib_a-nano-freer.o)
 .ARM.attributes
                0x00000642       0x2e c:/program files (x86)/gnu tools arm embedded/7 2018-q2-update/bin/../lib/gcc/arm-none-eabi/7.3.1/../../../../arm-none-eabi/lib/thumb/v7e-m\libg_nano.a(lib_a-nano-mallocr.o)
 .ARM.attributes
                0x00000670       0x2e c:/program files (x86)/gnu tools arm embedded/7 2018-q2-update/bin/../lib/gcc/arm-none-eabi/7.3.1/../../../../arm-none-eabi/lib/thumb/v7e-m\libg_nano.a(lib_a-sbrkr.o)
 .ARM.attributes
                0x0000069e       0x17 c:/program files (x86)/gnu tools arm embedded/7 2018-q2-update/bin/../lib/gcc/arm-none-eabi/7.3.1/../../../../arm-none-eabi/lib/thumb/v7e-m\libg_nano.a(lib_a-strlen.o)
 .ARM.attributes
                0x000006b5       0x2e c:/program files (x86)/gnu tools arm embedded/7 2018-q2-update/bin/../lib/gcc/arm-none-eabi/7.3.1/../../../../arm-none-eabi/lib/thumb/v7e-m\libg_nano.a(lib_a-vsnprintf.o)
 .ARM.attributes
                0x000006e3       0x2e c:/program files (x86)/gnu tools arm embedded/7 2018-q2-update/bin/../lib/gcc/arm-none-eabi/7.3.1/../../../../arm-none-eabi/lib/thumb/v7e-m\libg_nano.a(lib_a-mlock.o)
 .ARM.attributes
                0x00000711       0x2e c:/program files (x86)/gnu tools arm embedded/7 2018-q2-update/bin/../lib/gcc/arm-none-eabi/7.3.1/../../../../arm-none-eabi/lib/thumb/v7e-m\libg_nano.a(lib_a-nano-svfprintf.o)
 .ARM.attributes
                0x0000073f       0x2e c:/program files (x86)/gnu tools arm embedded/7 2018-q2-update/bin/../lib/gcc/arm-none-eabi/7.3.1/../../../../arm-none-eabi/lib/thumb/v7e-m\libg_nano.a(lib_a-nano-vfprintf_i.o)
 .ARM.attributes
                0x0000076d       0x1c c:/program files (x86)/gnu tools arm embedded/7 2018-q2-update/bin/../lib/gcc/arm-none-eabi/7.3.1/../../../../arm-none-eabi/lib/thumb/v7e-m\libg_nano.a(lib_a-memchr.o)
 .ARM.attributes
                0x00000789       0x2e c:/program files (x86)/gnu tools arm embedded/7 2018-q2-update/bin/../lib/gcc/arm-none-eabi/7.3.1/../../../../arm-none-eabi/lib/thumb/v7e-m\libg_nano.a(lib_a-memcpy-stub.o)
 .ARM.attributes
                0x000007b7       0x2e c:/program files (x86)/gnu tools arm embedded/7 2018-q2-update/bin/../lib/gcc/arm-none-eabi/7.3.1/../../../../arm-none-eabi/lib/thumb/v7e-m\libg_nano.a(lib_a-memmove.o)
 .ARM.attributes
                0x000007e5       0x2e c:/program files (x86)/gnu tools arm embedded/7 2018-q2-update/bin/../lib/gcc/arm-none-eabi/7.3.1/../../../../arm-none-eabi/lib/thumb/v7e-m\libg_nano.a(lib_a-nano-reallocr.o)
 .ARM.attributes
                0x00000813       0x2e c:/program files (x86)/gnu tools arm embedded/7 2018-q2-update/bin/../lib/gcc/arm-none-eabi/7.3.1/../../../../arm-none-eabi/lib/thumb/v7e-m\libg_nano.a(lib_a-nano-msizer.o)

.debug
 *(.debug)

.line
 *(.line)

.debug_srcinfo
 *(.debug_srcinfo)

.debug_sfnames
 *(.debug_sfnames)

.debug_aranges  0x00000000      0xbd8
 *(.debug_aranges)
 .debug_aranges
                0x00000000       0xc0 ./system/src/stm32f4-hal/stm32f4xx_hal.o
 .debug_aranges
                0x000000c0       0x98 ./system/src/stm32f4-hal/stm32f4xx_hal_cortex.o
 .debug_aranges
                0x00000158       0x58 ./system/src/stm32f4-hal/stm32f4xx_hal_gpio.o
 .debug_aranges
                0x000001b0      0x268 ./system/src/stm32f4-hal/stm32f4xx_hal_i2c.o
 .debug_aranges
                0x00000418       0x88 ./system/src/stm32f4-hal/stm32f4xx_hal_rcc.o
 .debug_aranges
                0x000004a0      0x168 ./system/src/stm32f4-hal/stm32f4xx_hal_uart.o
 .debug_aranges
                0x00000608       0x28 ./system/src/newlib/_exit.o
 .debug_aranges
                0x00000630       0x20 ./system/src/newlib/_sbrk.o
 .debug_aranges
                0x00000650       0x40 ./system/src/newlib/_startup.o
 .debug_aranges
                0x00000690       0x30 ./system/src/newlib/_syscalls.o
 .debug_aranges
                0x000006c0       0x28 ./system/src/newlib/assert.o
 .debug_aranges
                0x000006e8       0x38 ./system/src/diag/Trace.o
 .debug_aranges
                0x00000720       0x30 ./system/src/diag/trace_impl.o
 .debug_aranges
                0x00000750       0x28 ./system/src/cortexm/_initialize_hardware.o
 .debug_aranges
                0x00000778       0x90 ./system/src/cortexm/exception_handlers.o
 .debug_aranges
                0x00000808       0x28 ./system/src/cmsis/system_stm32f4xx.o
 .debug_aranges
                0x00000830       0x20 ./system/src/cmsis/vectors_stm32f411xe.o
 .debug_aranges
                0x00000850       0x28 ./src/Timer.o
 .debug_aranges
                0x00000878       0x28 ./src/_initialize_hardware.o
 .debug_aranges
                0x000008a0      0x110 ./src/cGest.o
 .debug_aranges
                0x000009b0       0x40 ./src/cUart.o
 .debug_aranges
                0x000009f0       0x48 ./src/ci2c.o
 .debug_aranges
                0x00000a38       0xe8 ./src/gesture.o
 .debug_aranges
                0x00000b20       0x40 ./src/i2c.o
 .debug_aranges
                0x00000b60       0x40 ./src/main.o
 .debug_aranges
                0x00000ba0       0x38 ./src/stm32f4xx_hal_msp.o

.debug_pubnames
 *(.debug_pubnames)

.debug_info     0x00000000    0x1bd8d
 *(.debug_info .gnu.linkonce.wi.*)
 .debug_info    0x00000000     0x1084 ./system/src/stm32f4-hal/stm32f4xx_hal.o
 .debug_info    0x00001084     0x1869 ./system/src/stm32f4-hal/stm32f4xx_hal_cortex.o
 .debug_info    0x000028ed     0x10b8 ./system/src/stm32f4-hal/stm32f4xx_hal_gpio.o
 .debug_info    0x000039a5     0x3b45 ./system/src/stm32f4-hal/stm32f4xx_hal_i2c.o
 .debug_info    0x000074ea     0x177e ./system/src/stm32f4-hal/stm32f4xx_hal_rcc.o
 .debug_info    0x00008c68     0x1e4a ./system/src/stm32f4-hal/stm32f4xx_hal_uart.o
 .debug_info    0x0000aab2      0x956 ./system/src/newlib/_exit.o
 .debug_info    0x0000b408      0x942 ./system/src/newlib/_sbrk.o
 .debug_info    0x0000bd4a      0x4bf ./system/src/newlib/_startup.o
 .debug_info    0x0000c209      0xa19 ./system/src/newlib/_syscalls.o
 .debug_info    0x0000cc22      0x9ff ./system/src/newlib/assert.o
 .debug_info    0x0000d621      0xb2a ./system/src/diag/Trace.o
 .debug_info    0x0000e14b      0xb6b ./system/src/diag/trace_impl.o
 .debug_info    0x0000ecb6      0xade ./system/src/cortexm/_initialize_hardware.o
 .debug_info    0x0000f794     0x115a ./system/src/cortexm/exception_handlers.o
 .debug_info    0x000108ee      0xcfe ./system/src/cmsis/system_stm32f4xx.o
 .debug_info    0x000115ec       0xca ./system/src/cmsis/vectors_stm32f411xe.o
 .debug_info    0x000116b6      0x9e7 ./src/Timer.o
 .debug_info    0x0001209d      0xd34 ./src/_initialize_hardware.o
 .debug_info    0x00012dd1     0x1d0f ./src/cGest.o
 .debug_info    0x00014ae0     0x1443 ./src/cUart.o
 .debug_info    0x00015f23     0x140a ./src/ci2c.o
 .debug_info    0x0001732d     0x13c4 ./src/gesture.o
 .debug_info    0x000186f1     0x148b ./src/i2c.o
 .debug_info    0x00019b7c     0x1902 ./src/main.o
 .debug_info    0x0001b47e      0x90f ./src/stm32f4xx_hal_msp.o

.debug_abbrev   0x00000000     0x4697
 *(.debug_abbrev)
 .debug_abbrev  0x00000000      0x32b ./system/src/stm32f4-hal/stm32f4xx_hal.o
 .debug_abbrev  0x0000032b      0x3f1 ./system/src/stm32f4-hal/stm32f4xx_hal_cortex.o
 .debug_abbrev  0x0000071c      0x2de ./system/src/stm32f4-hal/stm32f4xx_hal_gpio.o
 .debug_abbrev  0x000009fa      0x2fb ./system/src/stm32f4-hal/stm32f4xx_hal_i2c.o
 .debug_abbrev  0x00000cf5      0x394 ./system/src/stm32f4-hal/stm32f4xx_hal_rcc.o
 .debug_abbrev  0x00001089      0x31d ./system/src/stm32f4-hal/stm32f4xx_hal_uart.o
 .debug_abbrev  0x000013a6      0x1f3 ./system/src/newlib/_exit.o
 .debug_abbrev  0x00001599      0x1fc ./system/src/newlib/_sbrk.o
 .debug_abbrev  0x00001795      0x1cb ./system/src/newlib/_startup.o
 .debug_abbrev  0x00001960      0x234 ./system/src/newlib/_syscalls.o
 .debug_abbrev  0x00001b94      0x1f3 ./system/src/newlib/assert.o
 .debug_abbrev  0x00001d87      0x276 ./system/src/diag/Trace.o
 .debug_abbrev  0x00001ffd      0x2ef ./system/src/diag/trace_impl.o
 .debug_abbrev  0x000022ec      0x1de ./system/src/cortexm/_initialize_hardware.o
 .debug_abbrev  0x000024ca      0x32b ./system/src/cortexm/exception_handlers.o
 .debug_abbrev  0x000027f5      0x216 ./system/src/cmsis/system_stm32f4xx.o
 .debug_abbrev  0x00002a0b       0x9d ./system/src/cmsis/vectors_stm32f411xe.o
 .debug_abbrev  0x00002aa8      0x2c6 ./src/Timer.o
 .debug_abbrev  0x00002d6e      0x22d ./src/_initialize_hardware.o
 .debug_abbrev  0x00002f9b      0x40b ./src/cGest.o
 .debug_abbrev  0x000033a6      0x38c ./src/cUart.o
 .debug_abbrev  0x00003732      0x36c ./src/ci2c.o
 .debug_abbrev  0x00003a9e      0x309 ./src/gesture.o
 .debug_abbrev  0x00003da7      0x2a0 ./src/i2c.o
 .debug_abbrev  0x00004047      0x49f ./src/main.o
 .debug_abbrev  0x000044e6      0x1b1 ./src/stm32f4xx_hal_msp.o

.debug_line     0x00000000    0x11125
 *(.debug_line)
 .debug_line    0x00000000      0xbb0 ./system/src/stm32f4-hal/stm32f4xx_hal.o
 .debug_line    0x00000bb0      0xca7 ./system/src/stm32f4-hal/stm32f4xx_hal_cortex.o
 .debug_line    0x00001857      0xc7a ./system/src/stm32f4-hal/stm32f4xx_hal_gpio.o
 .debug_line    0x000024d1     0x2013 ./system/src/stm32f4-hal/stm32f4xx_hal_i2c.o
 .debug_line    0x000044e4      0xe32 ./system/src/stm32f4-hal/stm32f4xx_hal_rcc.o
 .debug_line    0x00005316     0x12df ./system/src/stm32f4-hal/stm32f4xx_hal_uart.o
 .debug_line    0x000065f5      0x373 ./system/src/newlib/_exit.o
 .debug_line    0x00006968      0x327 ./system/src/newlib/_sbrk.o
 .debug_line    0x00006c8f      0x3ef ./system/src/newlib/_startup.o
 .debug_line    0x0000707e      0x446 ./system/src/newlib/_syscalls.o
 .debug_line    0x000074c4      0x3ae ./system/src/newlib/assert.o
 .debug_line    0x00007872      0x3ef ./system/src/diag/Trace.o
 .debug_line    0x00007c61      0xae3 ./system/src/diag/trace_impl.o
 .debug_line    0x00008744      0xa4c ./system/src/cortexm/_initialize_hardware.o
 .debug_line    0x00009190      0xb9a ./system/src/cortexm/exception_handlers.o
 .debug_line    0x00009d2a      0xa52 ./system/src/cmsis/system_stm32f4xx.o
 .debug_line    0x0000a77c      0x10b ./system/src/cmsis/vectors_stm32f411xe.o
 .debug_line    0x0000a887      0xa6f ./src/Timer.o
 .debug_line    0x0000b2f6      0xa45 ./src/_initialize_hardware.o
 .debug_line    0x0000bd3b      0xed7 ./src/cGest.o
 .debug_line    0x0000cc12      0xab7 ./src/cUart.o
 .debug_line    0x0000d6c9      0xaad ./src/ci2c.o
 .debug_line    0x0000e176      0xdae ./src/gesture.o
 .debug_line    0x0000ef24      0xaa4 ./src/i2c.o
 .debug_line    0x0000f9c8      0xd17 ./src/main.o
 .debug_line    0x000106df      0xa46 ./src/stm32f4xx_hal_msp.o

.debug_frame    0x00000000     0x21fc
 *(.debug_frame)
 .debug_frame   0x00000000      0x188 ./system/src/stm32f4-hal/stm32f4xx_hal.o
 .debug_frame   0x00000188      0x17c ./system/src/stm32f4-hal/stm32f4xx_hal_cortex.o
 .debug_frame   0x00000304       0xfc ./system/src/stm32f4-hal/stm32f4xx_hal_gpio.o
 .debug_frame   0x00000400      0x87c ./system/src/stm32f4-hal/stm32f4xx_hal_i2c.o
 .debug_frame   0x00000c7c      0x140 ./system/src/stm32f4-hal/stm32f4xx_hal_rcc.o
 .debug_frame   0x00000dbc      0x3e8 ./system/src/stm32f4-hal/stm32f4xx_hal_uart.o
 .debug_frame   0x000011a4       0x38 ./system/src/newlib/_exit.o
 .debug_frame   0x000011dc       0x28 ./system/src/newlib/_sbrk.o
 .debug_frame   0x00001204       0x7c ./system/src/newlib/_startup.o
 .debug_frame   0x00001280       0x50 ./system/src/newlib/_syscalls.o
 .debug_frame   0x000012d0       0x40 ./system/src/newlib/assert.o
 .debug_frame   0x00001310       0x94 ./system/src/diag/Trace.o
 .debug_frame   0x000013a4       0x64 ./system/src/diag/trace_impl.o
 .debug_frame   0x00001408       0x40 ./system/src/cortexm/_initialize_hardware.o
 .debug_frame   0x00001448      0x158 ./system/src/cortexm/exception_handlers.o
 .debug_frame   0x000015a0       0x30 ./system/src/cmsis/system_stm32f4xx.o
 .debug_frame   0x000015d0       0x20 ./system/src/cmsis/vectors_stm32f411xe.o
 .debug_frame   0x000015f0       0x38 ./src/Timer.o
 .debug_frame   0x00001628       0x4c ./src/_initialize_hardware.o
 .debug_frame   0x00001674      0x314 ./src/cGest.o
 .debug_frame   0x00001988       0x8c ./src/cUart.o
 .debug_frame   0x00001a14       0xa8 ./src/ci2c.o
 .debug_frame   0x00001abc      0x28c ./src/gesture.o
 .debug_frame   0x00001d48       0x9c ./src/i2c.o
 .debug_frame   0x00001de4       0x90 ./src/main.o
 .debug_frame   0x00001e74       0x50 ./src/stm32f4xx_hal_msp.o
 .debug_frame   0x00001ec4       0x20 c:/program files (x86)/gnu tools arm embedded/7 2018-q2-update/bin/../lib/gcc/arm-none-eabi/7.3.1/../../../../arm-none-eabi/lib/thumb/v7e-m\libstdc++_nano.a(del_op.o)
 .debug_frame   0x00001ee4       0x20 c:/program files (x86)/gnu tools arm embedded/7 2018-q2-update/bin/../lib/gcc/arm-none-eabi/7.3.1/../../../../arm-none-eabi/lib/thumb/v7e-m\libg_nano.a(lib_a-errno.o)
 .debug_frame   0x00001f04       0x30 c:/program files (x86)/gnu tools arm embedded/7 2018-q2-update/bin/../lib/gcc/arm-none-eabi/7.3.1/../../../../arm-none-eabi/lib/thumb/v7e-m\libg_nano.a(lib_a-malloc.o)
 .debug_frame   0x00001f34       0x20 c:/program files (x86)/gnu tools arm embedded/7 2018-q2-update/bin/../lib/gcc/arm-none-eabi/7.3.1/../../../../arm-none-eabi/lib/thumb/v7e-m\libg_nano.a(lib_a-memset.o)
 .debug_frame   0x00001f54       0x38 c:/program files (x86)/gnu tools arm embedded/7 2018-q2-update/bin/../lib/gcc/arm-none-eabi/7.3.1/../../../../arm-none-eabi/lib/thumb/v7e-m\libg_nano.a(lib_a-nano-freer.o)
 .debug_frame   0x00001f8c       0x2c c:/program files (x86)/gnu tools arm embedded/7 2018-q2-update/bin/../lib/gcc/arm-none-eabi/7.3.1/../../../../arm-none-eabi/lib/thumb/v7e-m\libg_nano.a(lib_a-nano-mallocr.o)
 .debug_frame   0x00001fb8       0x2c c:/program files (x86)/gnu tools arm embedded/7 2018-q2-update/bin/../lib/gcc/arm-none-eabi/7.3.1/../../../../arm-none-eabi/lib/thumb/v7e-m\libg_nano.a(lib_a-sbrkr.o)
 .debug_frame   0x00001fe4       0x4c c:/program files (x86)/gnu tools arm embedded/7 2018-q2-update/bin/../lib/gcc/arm-none-eabi/7.3.1/../../../../arm-none-eabi/lib/thumb/v7e-m\libg_nano.a(lib_a-vsnprintf.o)
 .debug_frame   0x00002030       0x30 c:/program files (x86)/gnu tools arm embedded/7 2018-q2-update/bin/../lib/gcc/arm-none-eabi/7.3.1/../../../../arm-none-eabi/lib/thumb/v7e-m\libg_nano.a(lib_a-mlock.o)
 .debug_frame   0x00002060       0x90 c:/program files (x86)/gnu tools arm embedded/7 2018-q2-update/bin/../lib/gcc/arm-none-eabi/7.3.1/../../../../arm-none-eabi/lib/thumb/v7e-m\libg_nano.a(lib_a-nano-svfprintf.o)
 .debug_frame   0x000020f0       0x60 c:/program files (x86)/gnu tools arm embedded/7 2018-q2-update/bin/../lib/gcc/arm-none-eabi/7.3.1/../../../../arm-none-eabi/lib/thumb/v7e-m\libg_nano.a(lib_a-nano-vfprintf_i.o)
 .debug_frame   0x00002150       0x28 c:/program files (x86)/gnu tools arm embedded/7 2018-q2-update/bin/../lib/gcc/arm-none-eabi/7.3.1/../../../../arm-none-eabi/lib/thumb/v7e-m\libg_nano.a(lib_a-memcpy-stub.o)
 .debug_frame   0x00002178       0x28 c:/program files (x86)/gnu tools arm embedded/7 2018-q2-update/bin/../lib/gcc/arm-none-eabi/7.3.1/../../../../arm-none-eabi/lib/thumb/v7e-m\libg_nano.a(lib_a-memmove.o)
 .debug_frame   0x000021a0       0x3c c:/program files (x86)/gnu tools arm embedded/7 2018-q2-update/bin/../lib/gcc/arm-none-eabi/7.3.1/../../../../arm-none-eabi/lib/thumb/v7e-m\libg_nano.a(lib_a-nano-reallocr.o)
 .debug_frame   0x000021dc       0x20 c:/program files (x86)/gnu tools arm embedded/7 2018-q2-update/bin/../lib/gcc/arm-none-eabi/7.3.1/../../../../arm-none-eabi/lib/thumb/v7e-m\libg_nano.a(lib_a-nano-msizer.o)

.debug_str      0x00000000    0x78410
 *(.debug_str)
 .debug_str     0x00000000    0x704e2 ./system/src/stm32f4-hal/stm32f4xx_hal.o
                              0x70958 (size before relaxing)
 .debug_str     0x000704e2      0x37b ./system/src/stm32f4-hal/stm32f4xx_hal_cortex.o
                              0x707c2 (size before relaxing)
 .debug_str     0x0007085d      0x2ab ./system/src/stm32f4-hal/stm32f4xx_hal_gpio.o
                              0x70342 (size before relaxing)
 .debug_str     0x00070b08      0xea5 ./system/src/stm32f4-hal/stm32f4xx_hal_i2c.o
                              0x70f18 (size before relaxing)
 .debug_str     0x000719ad      0x37e ./system/src/stm32f4-hal/stm32f4xx_hal_rcc.o
                              0x704d0 (size before relaxing)
 .debug_str     0x00071d2b      0x528 ./system/src/stm32f4-hal/stm32f4xx_hal_uart.o
                              0x707c2 (size before relaxing)
 .debug_str     0x00072253     0x10ff ./system/src/newlib/_exit.o
                               0x7db5 (size before relaxing)
 .debug_str     0x00073352      0x4ed ./system/src/newlib/_sbrk.o
                               0x7167 (size before relaxing)
 .debug_str     0x0007383f      0x2c6 ./system/src/newlib/_startup.o
                               0x6908 (size before relaxing)
 .debug_str     0x00073b05      0xe8b ./system/src/newlib/_syscalls.o
                               0x8042 (size before relaxing)
 .debug_str     0x00074990       0xd0 ./system/src/newlib/assert.o
                               0x88ba (size before relaxing)
 .debug_str     0x00074a60      0x176 ./system/src/diag/Trace.o
                               0x852d (size before relaxing)
 .debug_str     0x00074bd6      0x37b ./system/src/diag/trace_impl.o
                              0x7124d (size before relaxing)
 .debug_str     0x00074f51       0x5e ./system/src/cortexm/_initialize_hardware.o
                              0x6ffdf (size before relaxing)
 .debug_str     0x00074faf      0x19d ./system/src/cortexm/exception_handlers.o
                              0x713d7 (size before relaxing)
 .debug_str     0x0007514c       0x46 ./system/src/cmsis/system_stm32f4xx.o
                              0x700c0 (size before relaxing)
 .debug_str     0x00075192       0x59 ./system/src/cmsis/vectors_stm32f411xe.o
                               0x3888 (size before relaxing)
 .debug_str     0x000751eb      0x705 ./src/Timer.o
                              0x702c5 (size before relaxing)
 .debug_str     0x000758f0       0x31 ./src/_initialize_hardware.o
                              0x701d6 (size before relaxing)
 .debug_str     0x00075921      0xa65 ./src/cGest.o
                              0x71d3c (size before relaxing)
 .debug_str     0x00076386      0x18b ./src/cUart.o
                              0x71965 (size before relaxing)
 .debug_str     0x00076511       0xf8 ./src/ci2c.o
                              0x719fa (size before relaxing)
 .debug_str     0x00076609      0x2c8 ./src/gesture.o
                              0x70b2e (size before relaxing)
 .debug_str     0x000768d1      0x1d5 ./src/i2c.o
                              0x71c33 (size before relaxing)
 .debug_str     0x00076aa6     0x192d ./src/main.o
                              0x732ed (size before relaxing)
 .debug_str     0x000783d3       0x3d ./src/stm32f4xx_hal_msp.o
                              0x6ff27 (size before relaxing)

.debug_loc      0x00000000     0x738a
 *(.debug_loc)
 .debug_loc     0x00000000       0x92 ./system/src/stm32f4-hal/stm32f4xx_hal.o
 .debug_loc     0x00000092      0x73b ./system/src/stm32f4-hal/stm32f4xx_hal_cortex.o
 .debug_loc     0x000007cd      0x5af ./system/src/stm32f4-hal/stm32f4xx_hal_gpio.o
 .debug_loc     0x00000d7c     0x3360 ./system/src/stm32f4-hal/stm32f4xx_hal_i2c.o
 .debug_loc     0x000040dc      0x50a ./system/src/stm32f4-hal/stm32f4xx_hal_rcc.o
 .debug_loc     0x000045e6     0x12b5 ./system/src/stm32f4-hal/stm32f4xx_hal_uart.o
 .debug_loc     0x0000589b       0x85 ./system/src/newlib/_sbrk.o
 .debug_loc     0x00005920      0x2cb ./system/src/newlib/_startup.o
 .debug_loc     0x00005beb       0x63 ./system/src/newlib/_syscalls.o
 .debug_loc     0x00005c4e      0x134 ./system/src/newlib/assert.o
 .debug_loc     0x00005d82       0xf6 ./system/src/diag/Trace.o
 .debug_loc     0x00005e78      0x121 ./system/src/diag/trace_impl.o
 .debug_loc     0x00005f99      0x291 ./system/src/cortexm/exception_handlers.o
 .debug_loc     0x0000622a      0x13e ./system/src/cmsis/system_stm32f4xx.o
 .debug_loc     0x00006368      0x898 ./src/cGest.o
 .debug_loc     0x00006c00       0xd1 ./src/cUart.o
 .debug_loc     0x00006cd1      0x17d ./src/ci2c.o
 .debug_loc     0x00006e4e      0x3b6 ./src/gesture.o
 .debug_loc     0x00007204       0xdc ./src/i2c.o
 .debug_loc     0x000072e0       0xaa ./src/main.o

.debug_macinfo
 *(.debug_macinfo)

.debug_weaknames
 *(.debug_weaknames)

.debug_funcnames
 *(.debug_funcnames)

.debug_typenames
 *(.debug_typenames)

.debug_varnames
 *(.debug_varnames)
OUTPUT(stm32f411.elf elf32-littlearm)

.debug_ranges   0x00000000      0xb28
 .debug_ranges  0x00000000       0xb0 ./system/src/stm32f4-hal/stm32f4xx_hal.o
 .debug_ranges  0x000000b0       0xe8 ./system/src/stm32f4-hal/stm32f4xx_hal_cortex.o
 .debug_ranges  0x00000198       0x48 ./system/src/stm32f4-hal/stm32f4xx_hal_gpio.o
 .debug_ranges  0x000001e0      0x258 ./system/src/stm32f4-hal/stm32f4xx_hal_i2c.o
 .debug_ranges  0x00000438       0x78 ./system/src/stm32f4-hal/stm32f4xx_hal_rcc.o
 .debug_ranges  0x000004b0      0x158 ./system/src/stm32f4-hal/stm32f4xx_hal_uart.o
 .debug_ranges  0x00000608       0x18 ./system/src/newlib/_exit.o
 .debug_ranges  0x00000620       0x10 ./system/src/newlib/_sbrk.o
 .debug_ranges  0x00000630       0x90 ./system/src/newlib/_startup.o
 .debug_ranges  0x000006c0       0x20 ./system/src/newlib/_syscalls.o
 .debug_ranges  0x000006e0       0x18 ./system/src/newlib/assert.o
 .debug_ranges  0x000006f8       0x28 ./system/src/diag/Trace.o
 .debug_ranges  0x00000720       0x50 ./system/src/diag/trace_impl.o
 .debug_ranges  0x00000770       0x18 ./system/src/cortexm/_initialize_hardware.o
 .debug_ranges  0x00000788       0x80 ./system/src/cortexm/exception_handlers.o
 .debug_ranges  0x00000808       0x18 ./system/src/cmsis/system_stm32f4xx.o
 .debug_ranges  0x00000820       0x10 ./system/src/cmsis/vectors_stm32f411xe.o
 .debug_ranges  0x00000830       0x18 ./src/Timer.o
 .debug_ranges  0x00000848       0x18 ./src/_initialize_hardware.o
 .debug_ranges  0x00000860      0x100 ./src/cGest.o
 .debug_ranges  0x00000960       0x30 ./src/cUart.o
 .debug_ranges  0x00000990       0x38 ./src/ci2c.o
 .debug_ranges  0x000009c8       0xd8 ./src/gesture.o
 .debug_ranges  0x00000aa0       0x30 ./src/i2c.o
 .debug_ranges  0x00000ad0       0x30 ./src/main.o
 .debug_ranges  0x00000b00       0x28 ./src/stm32f4xx_hal_msp.o

.debug_macro    0x00000000    0x18396
 .debug_macro   0x00000000      0x532 ./system/src/stm32f4-hal/stm32f4xx_hal.o
 .debug_macro   0x00000532      0xa6c ./system/src/stm32f4-hal/stm32f4xx_hal.o
 .debug_macro   0x00000f9e      0x289 ./system/src/stm32f4-hal/stm32f4xx_hal.o
 .debug_macro   0x00001227       0x31 ./system/src/stm32f4-hal/stm32f4xx_hal.o
 .debug_macro   0x00001258       0x28 ./system/src/stm32f4-hal/stm32f4xx_hal.o
 .debug_macro   0x00001280      0x34e ./system/src/stm32f4-hal/stm32f4xx_hal.o
 .debug_macro   0x000015ce       0x35 ./system/src/stm32f4-hal/stm32f4xx_hal.o
 .debug_macro   0x00001603       0x50 ./system/src/stm32f4-hal/stm32f4xx_hal.o
 .debug_macro   0x00001653      0xe66 ./system/src/stm32f4-hal/stm32f4xx_hal.o
 .debug_macro   0x000024b9     0x5102 ./system/src/stm32f4-hal/stm32f4xx_hal.o
 .debug_macro   0x000075bb       0x43 ./system/src/stm32f4-hal/stm32f4xx_hal.o
 .debug_macro   0x000075fe     0x347f ./system/src/stm32f4-hal/stm32f4xx_hal.o
 .debug_macro   0x0000aa7d       0x22 ./system/src/stm32f4-hal/stm32f4xx_hal.o
 .debug_macro   0x0000aa9f       0x58 ./system/src/stm32f4-hal/stm32f4xx_hal.o
 .debug_macro   0x0000aaf7       0x18 ./system/src/stm32f4-hal/stm32f4xx_hal.o
 .debug_macro   0x0000ab0f       0x94 ./system/src/stm32f4-hal/stm32f4xx_hal.o
 .debug_macro   0x0000aba3       0x35 ./system/src/stm32f4-hal/stm32f4xx_hal.o
 .debug_macro   0x0000abd8       0x34 ./system/src/stm32f4-hal/stm32f4xx_hal.o
 .debug_macro   0x0000ac0c       0x16 ./system/src/stm32f4-hal/stm32f4xx_hal.o
 .debug_macro   0x0000ac22       0x57 ./system/src/stm32f4-hal/stm32f4xx_hal.o
 .debug_macro   0x0000ac79       0x97 ./system/src/stm32f4-hal/stm32f4xx_hal.o
 .debug_macro   0x0000ad10      0x330 ./system/src/stm32f4-hal/stm32f4xx_hal.o
 .debug_macro   0x0000b040       0xfd ./system/src/stm32f4-hal/stm32f4xx_hal.o
 .debug_macro   0x0000b13d       0x10 ./system/src/stm32f4-hal/stm32f4xx_hal.o
 .debug_macro   0x0000b14d       0x58 ./system/src/stm32f4-hal/stm32f4xx_hal.o
 .debug_macro   0x0000b1a5       0x1f ./system/src/stm32f4-hal/stm32f4xx_hal.o
 .debug_macro   0x0000b1c4       0x43 ./system/src/stm32f4-hal/stm32f4xx_hal.o
 .debug_macro   0x0000b207       0x20 ./system/src/stm32f4-hal/stm32f4xx_hal.o
 .debug_macro   0x0000b227      0x18e ./system/src/stm32f4-hal/stm32f4xx_hal.o
 .debug_macro   0x0000b3b5       0x10 ./system/src/stm32f4-hal/stm32f4xx_hal.o
 .debug_macro   0x0000b3c5       0x6a ./system/src/stm32f4-hal/stm32f4xx_hal.o
 .debug_macro   0x0000b42f       0x1c ./system/src/stm32f4-hal/stm32f4xx_hal.o
 .debug_macro   0x0000b44b       0x52 ./system/src/stm32f4-hal/stm32f4xx_hal.o
 .debug_macro   0x0000b49d       0x40 ./system/src/stm32f4-hal/stm32f4xx_hal.o
 .debug_macro   0x0000b4dd       0x10 ./system/src/stm32f4-hal/stm32f4xx_hal.o
 .debug_macro   0x0000b4ed       0x40 ./system/src/stm32f4-hal/stm32f4xx_hal.o
 .debug_macro   0x0000b52d       0xd7 ./system/src/stm32f4-hal/stm32f4xx_hal.o
 .debug_macro   0x0000b604       0x1c ./system/src/stm32f4-hal/stm32f4xx_hal.o
 .debug_macro   0x0000b620       0x3d ./system/src/stm32f4-hal/stm32f4xx_hal.o
 .debug_macro   0x0000b65d       0x16 ./system/src/stm32f4-hal/stm32f4xx_hal.o
 .debug_macro   0x0000b673      0x16f ./system/src/stm32f4-hal/stm32f4xx_hal.o
 .debug_macro   0x0000b7e2       0x57 ./system/src/stm32f4-hal/stm32f4xx_hal.o
 .debug_macro   0x0000b839      0x45c ./system/src/stm32f4-hal/stm32f4xx_hal.o
 .debug_macro   0x0000bc95      0x9e1 ./system/src/stm32f4-hal/stm32f4xx_hal.o
 .debug_macro   0x0000c676      0x11e ./system/src/stm32f4-hal/stm32f4xx_hal.o
 .debug_macro   0x0000c794      0x11b ./system/src/stm32f4-hal/stm32f4xx_hal.o
 .debug_macro   0x0000c8af       0x27 ./system/src/stm32f4-hal/stm32f4xx_hal.o
 .debug_macro   0x0000c8d6      0x287 ./system/src/stm32f4-hal/stm32f4xx_hal.o
 .debug_macro   0x0000cb5d       0x5f ./system/src/stm32f4-hal/stm32f4xx_hal.o
 .debug_macro   0x0000cbbc      0x23a ./system/src/stm32f4-hal/stm32f4xx_hal.o
 .debug_macro   0x0000cdf6      0x391 ./system/src/stm32f4-hal/stm32f4xx_hal.o
 .debug_macro   0x0000d187      0x176 ./system/src/stm32f4-hal/stm32f4xx_hal.o
 .debug_macro   0x0000d2fd       0xf9 ./system/src/stm32f4-hal/stm32f4xx_hal.o
 .debug_macro   0x0000d3f6       0x23 ./system/src/stm32f4-hal/stm32f4xx_hal.o
 .debug_macro   0x0000d419      0x13a ./system/src/stm32f4-hal/stm32f4xx_hal.o
 .debug_macro   0x0000d553      0x264 ./system/src/stm32f4-hal/stm32f4xx_hal.o
 .debug_macro   0x0000d7b7       0x2e ./system/src/stm32f4-hal/stm32f4xx_hal.o
 .debug_macro   0x0000d7e5      0x1a7 ./system/src/stm32f4-hal/stm32f4xx_hal.o
 .debug_macro   0x0000d98c       0x22 ./system/src/stm32f4-hal/stm32f4xx_hal.o
 .debug_macro   0x0000d9ae       0xa5 ./system/src/stm32f4-hal/stm32f4xx_hal.o
 .debug_macro   0x0000da53      0x18b ./system/src/stm32f4-hal/stm32f4xx_hal.o
 .debug_macro   0x0000dbde       0x24 ./system/src/stm32f4-hal/stm32f4xx_hal.o
 .debug_macro   0x0000dc02       0x35 ./system/src/stm32f4-hal/stm32f4xx_hal.o
 .debug_macro   0x0000dc37       0x79 ./system/src/stm32f4-hal/stm32f4xx_hal.o
 .debug_macro   0x0000dcb0      0x11e ./system/src/stm32f4-hal/stm32f4xx_hal.o
 .debug_macro   0x0000ddce       0x85 ./system/src/stm32f4-hal/stm32f4xx_hal.o
 .debug_macro   0x0000de53       0x89 ./system/src/stm32f4-hal/stm32f4xx_hal.o
 .debug_macro   0x0000dedc      0x31a ./system/src/stm32f4-hal/stm32f4xx_hal.o
 .debug_macro   0x0000e1f6      0x409 ./system/src/stm32f4-hal/stm32f4xx_hal.o
 .debug_macro   0x0000e5ff       0xe4 ./system/src/stm32f4-hal/stm32f4xx_hal.o
 .debug_macro   0x0000e6e3      0x48d ./system/src/stm32f4-hal/stm32f4xx_hal.o
 .debug_macro   0x0000eb70      0x22b ./system/src/stm32f4-hal/stm32f4xx_hal.o
 .debug_macro   0x0000ed9b      0x202 ./system/src/stm32f4-hal/stm32f4xx_hal.o
 .debug_macro   0x0000ef9d      0x6d9 ./system/src/stm32f4-hal/stm32f4xx_hal.o
 .debug_macro   0x0000f676       0x5b ./system/src/stm32f4-hal/stm32f4xx_hal.o
 .debug_macro   0x0000f6d1      0x14d ./system/src/stm32f4-hal/stm32f4xx_hal.o
 .debug_macro   0x0000f81e      0x287 ./system/src/stm32f4-hal/stm32f4xx_hal.o
 .debug_macro   0x0000faa5      0x225 ./system/src/stm32f4-hal/stm32f4xx_hal.o
 .debug_macro   0x0000fcca      0x1b5 ./system/src/stm32f4-hal/stm32f4xx_hal.o
 .debug_macro   0x0000fe7f      0x2db ./system/src/stm32f4-hal/stm32f4xx_hal.o
 .debug_macro   0x0001015a       0x89 ./system/src/stm32f4-hal/stm32f4xx_hal.o
 .debug_macro   0x000101e3      0x1df ./system/src/stm32f4-hal/stm32f4xx_hal.o
 .debug_macro   0x000103c2      0x115 ./system/src/stm32f4-hal/stm32f4xx_hal.o
 .debug_macro   0x000104d7       0x6e ./system/src/stm32f4-hal/stm32f4xx_hal.o
 .debug_macro   0x00010545      0x11e ./system/src/stm32f4-hal/stm32f4xx_hal.o
 .debug_macro   0x00010663      0x4e4 ./system/src/stm32f4-hal/stm32f4xx_hal_cortex.o
 .debug_macro   0x00010b47      0x51c ./system/src/stm32f4-hal/stm32f4xx_hal_gpio.o
 .debug_macro   0x00011063      0x52b ./system/src/stm32f4-hal/stm32f4xx_hal_i2c.o
 .debug_macro   0x0001158e      0x50e ./system/src/stm32f4-hal/stm32f4xx_hal_rcc.o
 .debug_macro   0x00011a9c      0x4e5 ./system/src/stm32f4-hal/stm32f4xx_hal_uart.o
 .debug_macro   0x00011f81      0x1b4 ./system/src/newlib/_exit.o
 .debug_macro   0x00012135      0x10e ./system/src/newlib/_exit.o
 .debug_macro   0x00012243       0x8d ./system/src/newlib/_exit.o
 .debug_macro   0x000122d0       0x35 ./system/src/newlib/_exit.o
 .debug_macro   0x00012305      0x169 ./system/src/newlib/_sbrk.o
 .debug_macro   0x0001246e      0x174 ./system/src/newlib/_sbrk.o
 .debug_macro   0x000125e2       0x10 ./system/src/newlib/_sbrk.o
 .debug_macro   0x000125f2      0x23b ./system/src/newlib/_sbrk.o
 .debug_macro   0x0001282d      0x173 ./system/src/newlib/_startup.o
 .debug_macro   0x000129a0      0xa72 ./system/src/newlib/_startup.o
 .debug_macro   0x00013412      0x217 ./system/src/newlib/_syscalls.o
 .debug_macro   0x00013629       0x1c ./system/src/newlib/_syscalls.o
 .debug_macro   0x00013645       0x10 ./system/src/newlib/_syscalls.o
 .debug_macro   0x00013655       0x10 ./system/src/newlib/_syscalls.o
 .debug_macro   0x00013665       0x10 ./system/src/newlib/_syscalls.o
 .debug_macro   0x00013675       0x35 ./system/src/newlib/_syscalls.o
 .debug_macro   0x000136aa      0x122 ./system/src/newlib/_syscalls.o
 .debug_macro   0x000137cc       0x88 ./system/src/newlib/_syscalls.o
 .debug_macro   0x00013854       0x2b ./system/src/newlib/_syscalls.o
 .debug_macro   0x0001387f      0x118 ./system/src/newlib/_syscalls.o
 .debug_macro   0x00013997      0x189 ./system/src/newlib/_syscalls.o
 .debug_macro   0x00013b20       0x16 ./system/src/newlib/_syscalls.o
 .debug_macro   0x00013b36      0x1d0 ./system/src/newlib/assert.o
 .debug_macro   0x00013d06       0x1c ./system/src/newlib/assert.o
 .debug_macro   0x00013d22      0x1fb ./system/src/diag/Trace.o
 .debug_macro   0x00013f1d       0x4c ./system/src/diag/Trace.o
 .debug_macro   0x00013f69       0x16 ./system/src/diag/Trace.o
 .debug_macro   0x00013f7f      0x52a ./system/src/diag/trace_impl.o
 .debug_macro   0x000144a9       0x22 ./system/src/diag/trace_impl.o
 .debug_macro   0x000144cb      0x4ee ./system/src/cortexm/_initialize_hardware.o
 .debug_macro   0x000149b9      0x557 ./system/src/cortexm/exception_handlers.o
 .debug_macro   0x00014f10       0x3b ./system/src/cortexm/exception_handlers.o
 .debug_macro   0x00014f4b      0x4ea ./system/src/cmsis/system_stm32f4xx.o
 .debug_macro   0x00015435       0x34 ./system/src/cmsis/vectors_stm32f411xe.o
 .debug_macro   0x00015469      0x501 ./src/Timer.o
 .debug_macro   0x0001596a       0x10 ./src/Timer.o
 .debug_macro   0x0001597a      0x4e4 ./src/_initialize_hardware.o
 .debug_macro   0x00015e5e      0x53e ./src/cGest.o
 .debug_macro   0x0001639c       0xbe ./src/cGest.o
 .debug_macro   0x0001645a      0x519 ./src/cUart.o
 .debug_macro   0x00016973      0x513 ./src/ci2c.o
 .debug_macro   0x00016e86      0x4f5 ./src/gesture.o
 .debug_macro   0x0001737b      0x557 ./src/i2c.o
 .debug_macro   0x000178d2      0x5e0 ./src/main.o
 .debug_macro   0x00017eb2      0x4e4 ./src/stm32f4xx_hal_msp.o
